[Thu Apr 23 09:14:52 CST 2026] 创建明日学习任务: /Users/zhaozhiguo/.openclaw/workspace/memory/2026-04-24.md
[Thu Apr 23 09:14:52 CST 2026] 归档旧文件: 2026-03-16-openclaw-control-ui.md
[Thu Apr 23 09:14:52 CST 2026] 归档旧文件: 2026-03-16-http-401-authentication-error-.md
[Thu Apr 23 09:14:52 CST 2026] 归档旧文件: 2026-03-16-russian-language.md
[Thu Apr 23 09:14:52 CST 2026] 归档旧文件: 2026-03-17-russia-child-travel.md
[Thu Apr 23 09:14:52 CST 2026] 归档旧文件: 2026-03-17-russian-version.md
[Thu Apr 23 09:14:52 CST 2026] 归档旧文件: 2026-03-16-vendor-inquiry.md
[Thu Apr 23 09:14:52 CST 2026] 夜间维护完成
[Thu Apr 23 23:00:03 CST 2026] 归档旧文件: 2026-03-16-openclaw-control-ui.md
[Thu Apr 23 23:00:03 CST 2026] 归档旧文件: 2026-03-16-http-401-authentication-error-.md
[Thu Apr 23 23:00:03 CST 2026] 归档旧文件: 2026-03-16-russian-language.md
[Thu Apr 23 23:00:03 CST 2026] 归档旧文件: 2026-03-17-russia-child-travel.md
[Thu Apr 23 23:00:03 CST 2026] 归档旧文件: 2026-03-17-russian-version.md
[Thu Apr 23 23:00:03 CST 2026] 归档旧文件: 2026-03-16-vendor-inquiry.md
[Thu Apr 23 23:00:03 CST 2026] 夜间维护完成
[Sun Apr 26 08:00:05 CST 2026] 早间汇报完成
[Sun Apr 26 23:01:46 CST 2026] 创建明日学习任务: /Users/zhaozhiguo/.openclaw/workspace/memory/2026-04-27.md
[Sun Apr 26 23:01:46 CST 2026] 归档旧文件: 2026-03-26.md
[Sun Apr 26 23:01:46 CST 2026] 归档旧文件: 2026-03-16-openclaw-control-ui.md
[Sun Apr 26 23:01:46 CST 2026] 归档旧文件: 2026-03-16-http-401-authentication-error-.md
[Sun Apr 26 23:01:46 CST 2026] 归档旧文件: 2026-03-16-russian-language.md
[Sun Apr 26 23:01:46 CST 2026] 归档旧文件: 2026-03-17-russia-child-travel.md
[Sun Apr 26 23:01:46 CST 2026] 归档旧文件: 2026-03-17-russian-version.md
[Sun Apr 26 23:01:46 CST 2026] 归档旧文件: 2026-03-16-vendor-inquiry.md
[Sun Apr 26 23:01:46 CST 2026] 夜间维护完成
[Mon Apr 27 08:05:25 CST 2026] 早间汇报完成
[Mon Apr 27 23:00:18 CST 2026] 创建明日学习任务: /Users/zhaozhiguo/.openclaw/workspace/memory/2026-04-28.md
[Mon Apr 27 23:00:18 CST 2026] 归档旧文件: 2026-03-16-openclaw-control-ui.md
[Mon Apr 27 23:00:18 CST 2026] 归档旧文件: 2026-03-26.md
[Mon Apr 27 23:00:18 CST 2026] 归档旧文件: 2026-03-16-http-401-authentication-error-.md
[Mon Apr 27 23:00:18 CST 2026] 归档旧文件: 2026-03-16-russian-language.md
[Mon Apr 27 23:00:18 CST 2026] 归档旧文件: 2026-03-17-russia-child-travel.md
[Mon Apr 27 23:00:18 CST 2026] 归档旧文件: 2026-03-17-russian-version.md
[Mon Apr 27 23:00:18 CST 2026] 归档旧文件: 2026-03-16-vendor-inquiry.md
[Mon Apr 27 23:00:18 CST 2026] 夜间维护完成
[Tue Apr 28 08:09:18 CST 2026] 早间汇报完成
[Tue Apr 28 23:06:08 CST 2026] 创建明日学习任务: /Users/zhaozhiguo/.openclaw/workspace/memory/2026-04-29.md
[Tue Apr 28 23:06:08 CST 2026] 归档旧文件: 2026-03-16-openclaw-control-ui.md
[Tue Apr 28 23:06:08 CST 2026] 归档旧文件: 2026-03-26.md
[Tue Apr 28 23:06:08 CST 2026] 归档旧文件: 2026-03-16-http-401-authentication-error-.md
[Tue Apr 28 23:06:08 CST 2026] 归档旧文件: 2026-03-16-russian-language.md
[Tue Apr 28 23:06:08 CST 2026] 归档旧文件: 2026-03-17-russia-child-travel.md
[Tue Apr 28 23:06:08 CST 2026] 归档旧文件: 2026-03-17-russian-version.md
[Tue Apr 28 23:06:08 CST 2026] 归档旧文件: 2026-03-16-vendor-inquiry.md
[Tue Apr 28 23:06:08 CST 2026] 归档旧文件: 2026-03-28.md
[Tue Apr 28 23:06:08 CST 2026] 夜间维护完成
[Wed Apr 29 08:04:04 CST 2026] 早间汇报完成
[Thu Apr 30 01:29:23 CST 2026] 创建今日记忆文件: /Users/zhaozhiguo/.openclaw/workspace/memory/2026-04-30.md
[Thu Apr 30 01:29:27 CST 2026] 创建明日学习任务: /Users/zhaozhiguo/.openclaw/workspace/memory/2026-05-01.md
[Thu Apr 30 01:29:27 CST 2026] 归档旧文件: 2026-03-29.md
[Thu Apr 30 01:29:27 CST 2026] 归档旧文件: 2026-03-16-openclaw-control-ui.md
[Thu Apr 30 01:29:27 CST 2026] 归档旧文件: 2026-03-26.md
[Thu Apr 30 01:29:27 CST 2026] 归档旧文件: 2026-03-16-http-401-authentication-error-.md
[Thu Apr 30 01:29:27 CST 2026] 归档旧文件: 2026-03-16-russian-language.md
[Thu Apr 30 01:29:27 CST 2026] 归档旧文件: 2026-03-28.md
[Thu Apr 30 01:29:27 CST 2026] 归档旧文件: 2026-03-17-russia-child-travel.md
[Thu Apr 30 01:29:27 CST 2026] 归档旧文件: 2026-03-17-russian-version.md
[Thu Apr 30 01:29:27 CST 2026] 归档旧文件: 2026-03-16-vendor-inquiry.md
[Thu Apr 30 01:29:27 CST 2026] 归档旧文件: 2026-03-29.md
[Thu Apr 30 01:29:28 CST 2026] 夜间维护完成
[Thu Apr 30 21:34:08 CST 2026] 早间汇报完成
[Thu Apr 30 23:00:00 CST 2026] 归档旧文件: 2026-03-30.md
[Thu Apr 30 23:00:00 CST 2026] 归档旧文件: 2026-03-16-openclaw-control-ui.md
[Thu Apr 30 23:00:00 CST 2026] 归档旧文件: 2026-03-26.md
[Thu Apr 30 23:00:00 CST 2026] 归档旧文件: 2026-03-16-http-401-authentication-error-.md
[Thu Apr 30 23:00:00 CST 2026] 归档旧文件: 2026-03-16-russian-language.md
[Thu Apr 30 23:00:00 CST 2026] 归档旧文件: 2026-03-28.md
[Thu Apr 30 23:00:00 CST 2026] 归档旧文件: 2026-03-17-russia-child-travel.md
[Thu Apr 30 23:00:00 CST 2026] 归档旧文件: 2026-03-29.md
[Thu Apr 30 23:00:00 CST 2026] 归档旧文件: 2026-03-17-russian-version.md
[Thu Apr 30 23:00:00 CST 2026] 归档旧文件: 2026-03-16-vendor-inquiry.md
[Thu Apr 30 23:00:00 CST 2026] 归档旧文件: 2026-03-30.md
[Thu Apr 30 23:00:00 CST 2026] 夜间维护完成
[Fri May  1 23:00:06 CST 2026] 创建明日学习任务: /Users/zhaozhiguo/.openclaw/workspace/memory/2026-05-02.md
[Fri May  1 23:00:06 CST 2026] 归档旧文件: 2026-03-16-openclaw-control-ui.md
[Fri May  1 23:00:06 CST 2026] 归档旧文件: 2026-03-26.md
[Fri May  1 23:00:06 CST 2026] 归档旧文件: 2026-03-16-http-401-authentication-error-.md
[Fri May  1 23:00:06 CST 2026] 归档旧文件: 2026-03-16-russian-language.md
[Fri May  1 23:00:06 CST 2026] 归档旧文件: 2026-03-28.md
[Fri May  1 23:00:06 CST 2026] 归档旧文件: 2026-03-17-russia-child-travel.md
[Fri May  1 23:00:06 CST 2026] 归档旧文件: 2026-03-29.md
[Fri May  1 23:00:06 CST 2026] 归档旧文件: 2026-03-17-russian-version.md
[Fri May  1 23:00:06 CST 2026] 归档旧文件: 2026-03-16-vendor-inquiry.md
[Fri May  1 23:00:06 CST 2026] 归档旧文件: 2026-03-30.md
[Fri May  1 23:00:06 CST 2026] 归档旧文件: 2026-03-31-russian.md
[Fri May  1 23:00:06 CST 2026] 归档旧文件: 2026-03-31.md
[Fri May  1 23:00:06 CST 2026] 夜间维护完成
[Sat May  2 08:01:22 CST 2026] 早间汇报完成
[Sat May  2 23:00:00 CST 2026] 创建明日学习任务: /Users/zhaozhiguo/.openclaw/workspace/memory/2026-05-03.md
[Sat May  2 23:00:00 CST 2026] 归档旧文件: 2026-03-16-openclaw-control-ui.md
[Sat May  2 23:00:00 CST 2026] 归档旧文件: 2026-03-26.md
[Sat May  2 23:00:00 CST 2026] 归档旧文件: 2026-03-16-http-401-authentication-error-.md
[Sat May  2 23:00:00 CST 2026] 归档旧文件: 2026-03-16-russian-language.md
[Sat May  2 23:00:00 CST 2026] 归档旧文件: 2026-03-28.md
[Sat May  2 23:00:00 CST 2026] 归档旧文件: 2026-03-17-russia-child-travel.md
[Sat May  2 23:00:00 CST 2026] 归档旧文件: 2026-03-29.md
[Sat May  2 23:00:00 CST 2026] 归档旧文件: 2026-03-17-russian-version.md
[Sat May  2 23:00:00 CST 2026] 归档旧文件: 2026-03-16-vendor-inquiry.md
[Sat May  2 23:00:00 CST 2026] 归档旧文件: 2026-03-30.md
[Sat May  2 23:00:00 CST 2026] 归档旧文件: 2026-03-31-russian.md
[Sat May  2 23:00:00 CST 2026] 归档旧文件: 2026-03-31.md
[Sat May  2 23:00:00 CST 2026] 夜间维护完成
[Sun May  3 08:00:00 CST 2026] 早间汇报完成
[Mon May  4 23:00:00 CST 2026] 创建明日学习任务: /Users/zhaozhiguo/.openclaw/workspace/memory/2026-05-05.md
[Mon May  4 23:00:00 CST 2026] 归档旧文件: 2026-03-16-openclaw-control-ui.md
[Mon May  4 23:00:00 CST 2026] 归档旧文件: 2026-03-26.md
[Mon May  4 23:00:00 CST 2026] 归档旧文件: 2026-03-16-http-401-authentication-error-.md
[Mon May  4 23:00:00 CST 2026] 归档旧文件: 2026-03-16-russian-language.md
[Mon May  4 23:00:00 CST 2026] 归档旧文件: 2026-03-28.md
[Mon May  4 23:00:00 CST 2026] 归档旧文件: 2026-03-17-russia-child-travel.md
[Mon May  4 23:00:00 CST 2026] 归档旧文件: 2026-03-29.md
[Mon May  4 23:00:00 CST 2026] 归档旧文件: 2026-03-17-russian-version.md
[Mon May  4 23:00:00 CST 2026] 归档旧文件: 2026-03-16-vendor-inquiry.md
[Mon May  4 23:00:00 CST 2026] 归档旧文件: 2026-03-30.md
[Mon May  4 23:00:00 CST 2026] 归档旧文件: 2026-03-31-russian.md
[Mon May  4 23:00:00 CST 2026] 归档旧文件: 2026-03-31.md
[Mon May  4 23:00:00 CST 2026] 夜间维护完成
[Tue May  5 23:00:05 CST 2026] 创建明日学习任务: /Users/zhaozhiguo/.openclaw/workspace/memory/2026-05-06.md
[Tue May  5 23:00:05 CST 2026] 归档旧文件: 2026-03-16-openclaw-control-ui.md
[Tue May  5 23:00:05 CST 2026] 归档旧文件: 2026-03-26.md
[Tue May  5 23:00:05 CST 2026] 归档旧文件: 2026-03-16-http-401-authentication-error-.md
[Tue May  5 23:00:05 CST 2026] 归档旧文件: 2026-03-16-russian-language.md
[Tue May  5 23:00:05 CST 2026] 归档旧文件: 2026-03-28.md
[Tue May  5 23:00:05 CST 2026] 归档旧文件: 2026-03-17-russia-child-travel.md
[Tue May  5 23:00:05 CST 2026] 归档旧文件: 2026-03-29.md
[Tue May  5 23:00:05 CST 2026] 归档旧文件: 2026-03-17-russian-version.md
[Tue May  5 23:00:05 CST 2026] 归档旧文件: 2026-03-16-vendor-inquiry.md
[Tue May  5 23:00:05 CST 2026] 归档旧文件: 2026-03-30.md
[Tue May  5 23:00:05 CST 2026] 归档旧文件: 2026-03-31-russian.md
[Tue May  5 23:00:05 CST 2026] 归档旧文件: 2026-03-31.md
[Tue May  5 23:00:05 CST 2026] 夜间维护完成
[Sat May  9 23:00:05 CST 2026] 创建明日学习任务: /Users/zhaozhiguo/.openclaw/workspace/memory/2026-05-10.md
[Sat May  9 23:00:05 CST 2026] 归档旧文件: 2026-03-16-openclaw-control-ui.md
[Sat May  9 23:00:05 CST 2026] 归档旧文件: 2026-03-26.md
[Sat May  9 23:00:05 CST 2026] 归档旧文件: 2026-03-16-http-401-authentication-error-.md
[Sat May  9 23:00:05 CST 2026] 归档旧文件: 2026-03-16-russian-language.md
[Sat May  9 23:00:05 CST 2026] 归档旧文件: 2026-03-28.md
[Sat May  9 23:00:05 CST 2026] 归档旧文件: 2026-03-17-russia-child-travel.md
[Sat May  9 23:00:05 CST 2026] 归档旧文件: 2026-03-29.md
[Sat May  9 23:00:05 CST 2026] 归档旧文件: 2026-03-17-russian-version.md
[Sat May  9 23:00:05 CST 2026] 归档旧文件: 2026-03-16-vendor-inquiry.md
[Sat May  9 23:00:05 CST 2026] 归档旧文件: 2026-03-30.md
[Sat May  9 23:00:05 CST 2026] 归档旧文件: 2026-03-31-russian.md
[Sat May  9 23:00:05 CST 2026] 归档旧文件: 2026-03-31.md
[Sat May  9 23:00:05 CST 2026] 夜间维护完成
[Sun May 10 08:01:31 CST 2026] 早间汇报完成
[Sun May 10 23:36:13 CST 2026] 创建明日学习任务: /Users/zhaozhiguo/.openclaw/workspace/memory/2026-05-11.md
[Sun May 10 23:36:13 CST 2026] 归档旧文件: 2026-03-16-openclaw-control-ui.md
[Sun May 10 23:36:13 CST 2026] 归档旧文件: 2026-03-26.md
[Sun May 10 23:36:13 CST 2026] 归档旧文件: 2026-03-16-http-401-authentication-error-.md
[Sun May 10 23:36:13 CST 2026] 归档旧文件: 2026-03-16-russian-language.md
[Sun May 10 23:36:13 CST 2026] 归档旧文件: 2026-03-28.md
[Sun May 10 23:36:13 CST 2026] 归档旧文件: 2026-03-17-russia-child-travel.md
[Sun May 10 23:36:13 CST 2026] 归档旧文件: 2026-03-29.md
[Sun May 10 23:36:13 CST 2026] 归档旧文件: 2026-03-17-russian-version.md
[Sun May 10 23:36:13 CST 2026] 归档旧文件: 2026-03-16-vendor-inquiry.md
[Sun May 10 23:36:13 CST 2026] 归档旧文件: 2026-03-30.md
[Sun May 10 23:36:13 CST 2026] 归档旧文件: 2026-03-31-russian.md
[Sun May 10 23:36:13 CST 2026] 归档旧文件: 2026-03-31.md
[Sun May 10 23:36:13 CST 2026] 夜间维护完成
[Mon May 11 09:48:35 CST 2026] 早间汇报完成
[Tue May 12 16:52:54 CST 2026] 创建今日记忆文件: /Users/zhaozhiguo/.openclaw/workspace/memory/2026-05-12.md
[Tue May 12 16:52:55 CST 2026] 早间汇报完成
[Tue May 12 16:52:55 CST 2026] 创建明日学习任务: /Users/zhaozhiguo/.openclaw/workspace/memory/2026-05-13.md
[Tue May 12 16:52:55 CST 2026] 归档旧文件: 2026-03-16-openclaw-control-ui.md
[Tue May 12 16:52:55 CST 2026] 归档旧文件: 2026-03-26.md
[Tue May 12 16:52:55 CST 2026] 归档旧文件: 2026-03-16-http-401-authentication-error-.md
[Tue May 12 16:52:56 CST 2026] 归档旧文件: 2026-03-16-russian-language.md
[Tue May 12 16:52:56 CST 2026] 归档旧文件: 2026-03-28.md
[Tue May 12 16:52:56 CST 2026] 归档旧文件: 2026-03-17-russia-child-travel.md
[Tue May 12 16:52:56 CST 2026] 归档旧文件: 2026-03-29.md
[Tue May 12 16:52:56 CST 2026] 归档旧文件: 2026-03-17-russian-version.md
[Tue May 12 16:52:56 CST 2026] 归档旧文件: 2026-03-16-vendor-inquiry.md
[Tue May 12 16:52:56 CST 2026] 归档旧文件: 2026-03-30.md
[Tue May 12 16:52:56 CST 2026] 归档旧文件: 2026-03-31-russian.md
[Tue May 12 16:52:56 CST 2026] 归档旧文件: 2026-03-31.md
[Tue May 12 16:52:56 CST 2026] 夜间维护完成
[Wed May 13 01:05:54 CST 2026] 创建明日学习任务: /Users/zhaozhiguo/.openclaw/workspace/memory/2026-05-14.md
[Wed May 13 01:05:54 CST 2026] 归档旧文件: 2026-03-16-openclaw-control-ui.md
[Wed May 13 01:05:54 CST 2026] 归档旧文件: 2026-03-26.md
[Wed May 13 01:05:54 CST 2026] 归档旧文件: 2026-03-16-http-401-authentication-error-.md
[Wed May 13 01:05:54 CST 2026] 归档旧文件: 2026-03-16-russian-language.md
[Wed May 13 01:05:54 CST 2026] 归档旧文件: 2026-03-28.md
[Wed May 13 01:05:54 CST 2026] 归档旧文件: 2026-03-17-russia-child-travel.md
[Wed May 13 01:05:54 CST 2026] 归档旧文件: 2026-03-29.md
[Wed May 13 01:05:55 CST 2026] 归档旧文件: 2026-03-17-russian-version.md
[Wed May 13 01:05:55 CST 2026] 归档旧文件: 2026-03-16-vendor-inquiry.md
[Wed May 13 01:05:55 CST 2026] 归档旧文件: 2026-03-30.md
[Wed May 13 01:05:55 CST 2026] 归档旧文件: 2026-03-31-russian.md
[Wed May 13 01:05:55 CST 2026] 归档旧文件: 2026-03-31.md
[Wed May 13 01:05:55 CST 2026] 夜间维护完成
[Wed May 13 09:18:55 CST 2026] 早间汇报完成
[Thu May 14 01:45:05 CST 2026] 创建明日学习任务: /Users/zhaozhiguo/.openclaw/workspace/memory/2026-05-15.md
[Thu May 14 01:45:05 CST 2026] 归档旧文件: 2026-03-16-openclaw-control-ui.md
[Thu May 14 01:45:05 CST 2026] 归档旧文件: 2026-03-26.md
[Thu May 14 01:45:05 CST 2026] 归档旧文件: 2026-03-16-http-401-authentication-error-.md
[Thu May 14 01:45:05 CST 2026] 归档旧文件: 2026-03-16-russian-language.md
[Thu May 14 01:45:05 CST 2026] 归档旧文件: 2026-03-28.md
[Thu May 14 01:45:05 CST 2026] 归档旧文件: 2026-03-17-russia-child-travel.md
[Thu May 14 01:45:05 CST 2026] 归档旧文件: 2026-03-29.md
[Thu May 14 01:45:05 CST 2026] 归档旧文件: 2026-03-17-russian-version.md
[Thu May 14 01:45:05 CST 2026] 归档旧文件: 2026-03-16-vendor-inquiry.md
[Thu May 14 01:45:05 CST 2026] 归档旧文件: 2026-03-30.md
[Thu May 14 01:45:05 CST 2026] 归档旧文件: 2026-03-31-russian.md
[Thu May 14 01:45:05 CST 2026] 归档旧文件: 2026-03-31.md
[Thu May 14 01:45:05 CST 2026] 夜间维护完成
[Sun May 31 09:34:42 CST 2026] 创建今日记忆文件: /Users/zhaozhiguo/.openclaw/workspace/memory/2026-05-31.md
[Sun May 31 09:34:43 CST 2026] 早间汇报完成
[Sun May 31 09:34:44 CST 2026] 创建明日学习任务: /Users/zhaozhiguo/.openclaw/workspace/memory/2026-06-01.md
[Sun May 31 09:34:44 CST 2026] 归档旧文件: 2026-04-09.md
[Sun May 31 09:34:44 CST 2026] 归档旧文件: 2026-04-19.md
[Sun May 31 09:34:44 CST 2026] 归档旧文件: 2026-04-20-russian-culture.md
[Sun May 31 09:34:44 CST 2026] 归档旧文件: 2026-04-26-0117.md
[Sun May 31 09:34:44 CST 2026] 归档旧文件: 2026-04-29.md
[Sun May 31 09:34:45 CST 2026] 归档旧文件: 2026-04-28.md
[Sun May 31 09:34:45 CST 2026] 归档旧文件: 2026-04-19.md
[Sun May 31 09:34:45 CST 2026] 归档旧文件: 2026-04-28.md
[Sun May 31 09:34:45 CST 2026] 归档旧文件: 2026-04-27.md
[Sun May 31 09:34:45 CST 2026] 归档旧文件: 2026-04-23.md
[Sun May 31 09:34:45 CST 2026] 归档旧文件: 2026-04-16.md
[Sun May 31 09:34:45 CST 2026] 归档旧文件: 2026-04-22.md
[Sun May 31 09:34:45 CST 2026] 归档旧文件: 2026-04-26.md
[Sun May 31 09:34:45 CST 2026] 归档旧文件: 2026-04-15.md
[Sun May 31 09:34:45 CST 2026] 归档旧文件: 2026-04-21.md
[Sun May 31 09:34:45 CST 2026] 归档旧文件: 2026-04-14.md
[Sun May 31 09:34:45 CST 2026] 归档旧文件: 2026-04-20.md
[Sun May 31 09:34:45 CST 2026] 归档旧文件: 2026-03-16-openclaw-control-ui.md
[Sun May 31 09:34:45 CST 2026] 归档旧文件: 2026-03-26.md
[Sun May 31 09:34:45 CST 2026] 归档旧文件: 2026-03-16-http-401-authentication-error-.md
[Sun May 31 09:34:45 CST 2026] 归档旧文件: 2026-03-16-russian-language.md
[Sun May 31 09:34:45 CST 2026] 归档旧文件: 2026-03-28.md
[Sun May 31 09:34:45 CST 2026] 归档旧文件: 2026-03-17-russia-child-travel.md
[Sun May 31 09:34:45 CST 2026] 归档旧文件: 2026-03-29.md
[Sun May 31 09:34:45 CST 2026] 归档旧文件: 2026-03-17-russian-version.md
[Sun May 31 09:34:45 CST 2026] 归档旧文件: 2026-03-16-vendor-inquiry.md
[Sun May 31 09:34:45 CST 2026] 归档旧文件: 2026-03-30.md
[Sun May 31 09:34:45 CST 2026] 归档旧文件: 2026-03-31-russian.md
[Sun May 31 09:34:45 CST 2026] 归档旧文件: 2026-03-31.md
[Sun May 31 09:34:45 CST 2026] 归档旧文件: 2026-04-08.md
[Sun May 31 09:34:45 CST 2026] 归档旧文件: 2026-04-18.md
[Sun May 31 09:34:45 CST 2026] 归档旧文件: 2026-04-03.md
[Sun May 31 09:34:45 CST 2026] 归档旧文件: 2026-04-27.md
[Sun May 31 09:34:45 CST 2026] 归档旧文件: 2026-04-13.md
[Sun May 31 09:34:45 CST 2026] 归档旧文件: 2026-04-07.md
[Sun May 31 09:34:46 CST 2026] 归档旧文件: 2026-04-17.md
[Sun May 31 09:34:46 CST 2026] 归档旧文件: 2026-04-23.md
[Sun May 31 09:34:46 CST 2026] 归档旧文件: 2026-04-06.md
[Sun May 31 09:34:46 CST 2026] 归档旧文件: 2026-04-13-russian.md
[Sun May 31 09:34:46 CST 2026] 归档旧文件: 2026-04-16.md
[Sun May 31 09:34:46 CST 2026] 归档旧文件: 2026-04-22.md
[Sun May 31 09:34:46 CST 2026] 归档旧文件: 2026-04-02.md
[Sun May 31 09:34:46 CST 2026] 归档旧文件: 2026-04-20-nightly.md
[Sun May 31 09:34:47 CST 2026] 归档旧文件: 2026-04-16-russian-study.md
[Sun May 31 09:34:47 CST 2026] 归档旧文件: 2026-04-26.md
[Sun May 31 09:34:47 CST 2026] 归档旧文件: 2026-04-12.md
[Sun May 31 09:34:47 CST 2026] 归档旧文件: 2026-04-05.md
[Sun May 31 09:34:47 CST 2026] 归档旧文件: 2026-04-14-1137.md
[Sun May 31 09:34:47 CST 2026] 归档旧文件: 2026-04-15.md
[Sun May 31 09:34:47 CST 2026] 归档旧文件: 2026-04-21.md
[Sun May 31 09:34:47 CST 2026] 归档旧文件: 2026-04-01.md
[Sun May 31 09:34:47 CST 2026] 归档旧文件: 2026-04-11.md
[Sun May 31 09:34:47 CST 2026] 归档旧文件: 2026-04-24.md
[Sun May 31 09:34:47 CST 2026] 归档旧文件: 2026-04-10.md
[Sun May 31 09:34:47 CST 2026] 归档旧文件: 2026-04-04.md
[Sun May 31 09:34:47 CST 2026] 归档旧文件: 2026-04-16-china-russia-exchange.md
[Sun May 31 09:34:47 CST 2026] 归档旧文件: 2026-04-14.md
[Sun May 31 09:34:47 CST 2026] 归档旧文件: 2026-04-15-russian.md
[Sun May 31 09:34:47 CST 2026] 归档旧文件: 2026-04-20.md
[Sun May 31 09:34:47 CST 2026] 归档旧文件: 2026-05-01.md
[Sun May 31 09:34:47 CST 2026] 归档旧文件: 2026-04-15-0215.md
[Sun May 31 09:34:47 CST 2026] 归档旧文件: 2026-04-16-nightly.md
[Sun May 31 09:34:47 CST 2026] 归档旧文件: 2026-04-21-nightly.md
[Sun May 31 09:34:47 CST 2026] 归档旧文件: 2025-04-17-learning.md
[Sun May 31 09:34:47 CST 2026] 夜间维护完成
[Sun May 31 23:01:36 CST 2026] 归档旧文件: 2026-04-30.md
[Sun May 31 23:01:36 CST 2026] 归档旧文件: 2026-04-09.md
[Sun May 31 23:01:36 CST 2026] 归档旧文件: 2026-03-16-openclaw-control-ui.md
[Sun May 31 23:01:36 CST 2026] 归档旧文件: 2026-04-19.md
[Sun May 31 23:01:36 CST 2026] 归档旧文件: 2026-03-26.md
[Sun May 31 23:01:36 CST 2026] 归档旧文件: 2026-04-20-russian-culture.md
[Sun May 31 23:01:36 CST 2026] 归档旧文件: 2026-04-26-0117.md
[Sun May 31 23:01:36 CST 2026] 归档旧文件: 2026-04-29.md
[Sun May 31 23:01:37 CST 2026] 归档旧文件: 2026-04-28.md
[Sun May 31 23:01:37 CST 2026] 归档旧文件: 2026-04-08.md
[Sun May 31 23:01:37 CST 2026] 归档旧文件: 2026-04-18.md
[Sun May 31 23:01:37 CST 2026] 归档旧文件: 2026-04-03.md
[Sun May 31 23:01:37 CST 2026] 归档旧文件: 2026-03-16-http-401-authentication-error-.md
[Sun May 31 23:01:37 CST 2026] 归档旧文件: 2026-04-27.md
[Sun May 31 23:01:37 CST 2026] 归档旧文件: 2026-03-16-russian-language.md
[Sun May 31 23:01:37 CST 2026] 归档旧文件: 2026-04-13.md
[Sun May 31 23:01:37 CST 2026] 归档旧文件: 2026-04-07.md
[Sun May 31 23:01:37 CST 2026] 归档旧文件: 2026-03-28.md
[Sun May 31 23:01:37 CST 2026] 归档旧文件: 2026-03-17-russia-child-travel.md
[Sun May 31 23:01:37 CST 2026] 归档旧文件: 2026-04-17.md
[Sun May 31 23:01:37 CST 2026] 归档旧文件: 2026-04-23.md
[Sun May 31 23:01:37 CST 2026] 归档旧文件: 2026-04-06.md
[Sun May 31 23:01:37 CST 2026] 归档旧文件: 2026-04-13-russian.md
[Sun May 31 23:01:37 CST 2026] 归档旧文件: 2026-03-29.md
[Sun May 31 23:01:37 CST 2026] 归档旧文件: 2026-04-16.md
[Sun May 31 23:01:37 CST 2026] 归档旧文件: 2026-04-22.md
[Sun May 31 23:01:37 CST 2026] 归档旧文件: 2026-04-02.md
[Sun May 31 23:01:37 CST 2026] 归档旧文件: 2026-04-20-nightly.md
[Sun May 31 23:01:37 CST 2026] 归档旧文件: 2026-04-16-russian-study.md
[Sun May 31 23:01:37 CST 2026] 归档旧文件: 2026-04-26.md
[Sun May 31 23:01:37 CST 2026] 归档旧文件: 2026-04-12.md
[Sun May 31 23:01:37 CST 2026] 归档旧文件: 2026-04-05.md
[Sun May 31 23:01:37 CST 2026] 归档旧文件: 2026-04-14-1137.md
[Sun May 31 23:01:37 CST 2026] 归档旧文件: 2026-03-17-russian-version.md
[Sun May 31 23:01:37 CST 2026] 归档旧文件: 2026-04-15.md
[Sun May 31 23:01:37 CST 2026] 归档旧文件: 2026-04-21.md
[Sun May 31 23:01:37 CST 2026] 归档旧文件: 2026-03-16-vendor-inquiry.md
[Sun May 31 23:01:37 CST 2026] 归档旧文件: 2026-04-01.md
[Sun May 31 23:01:37 CST 2026] 归档旧文件: 2026-04-11.md
[Sun May 31 23:01:37 CST 2026] 归档旧文件: 2026-04-24.md
[Sun May 31 23:01:37 CST 2026] 归档旧文件: 2026-04-10.md
[Sun May 31 23:01:37 CST 2026] 归档旧文件: 2026-04-04.md
[Sun May 31 23:01:37 CST 2026] 归档旧文件: 2026-04-16-china-russia-exchange.md
[Sun May 31 23:01:37 CST 2026] 归档旧文件: 2026-04-14.md
[Sun May 31 23:01:37 CST 2026] 归档旧文件: 2026-04-15-russian.md
[Sun May 31 23:01:37 CST 2026] 归档旧文件: 2026-04-20.md
[Sun May 31 23:01:37 CST 2026] 归档旧文件: 2026-03-30.md
[Sun May 31 23:01:37 CST 2026] 归档旧文件: 2026-05-01.md
[Sun May 31 23:01:37 CST 2026] 归档旧文件: 2026-04-15-0215.md
[Sun May 31 23:01:37 CST 2026] 归档旧文件: 2026-03-31-russian.md
[Sun May 31 23:01:37 CST 2026] 归档旧文件: 2026-04-16-nightly.md
[Sun May 31 23:01:37 CST 2026] 归档旧文件: 2026-04-21-nightly.md
[Sun May 31 23:01:37 CST 2026] 归档旧文件: 2025-04-17-learning.md
[Sun May 31 23:01:37 CST 2026] 归档旧文件: 2026-03-31.md
[Sun May 31 23:01:37 CST 2026] 归档旧文件: 2026-04-30.md
[Sun May 31 23:01:37 CST 2026] 归档旧文件: 2026-04-30-nightly.md
[Sun May 31 23:01:37 CST 2026] 夜间维护完成
[Mon Jun  1 10:13:44 CST 2026] 早间汇报完成
[Tue Jun  2 02:39:46 CST 2026] 创建今日记忆文件: /Users/zhaozhiguo/.openclaw/workspace/memory/2026-06-02.md
[Tue Jun  2 02:39:47 CST 2026] 创建明日学习任务: /Users/zhaozhiguo/.openclaw/workspace/memory/2026-06-03.md
[Tue Jun  2 02:39:47 CST 2026] 归档旧文件: 2026-05-01.md
[Tue Jun  2 02:39:47 CST 2026] 归档旧文件: 2026-04-09.md
[Tue Jun  2 02:39:47 CST 2026] 归档旧文件: 2026-03-16-openclaw-control-ui.md
[Tue Jun  2 02:39:47 CST 2026] 归档旧文件: 2026-04-19.md
[Tue Jun  2 02:39:47 CST 2026] 归档旧文件: 2026-03-26.md
[Tue Jun  2 02:39:47 CST 2026] 归档旧文件: 2026-04-20-russian-culture.md
[Tue Jun  2 02:39:47 CST 2026] 归档旧文件: 2026-04-26-0117.md
[Tue Jun  2 02:39:47 CST 2026] 归档旧文件: 2026-04-29.md
[Tue Jun  2 02:39:47 CST 2026] 归档旧文件: 2026-04-28.md
[Tue Jun  2 02:39:47 CST 2026] 归档旧文件: 2026-04-08.md
[Tue Jun  2 02:39:47 CST 2026] 归档旧文件: 2026-04-18.md
[Tue Jun  2 02:39:47 CST 2026] 归档旧文件: 2026-04-03.md
[Tue Jun  2 02:39:47 CST 2026] 归档旧文件: 2026-03-16-http-401-authentication-error-.md
[Tue Jun  2 02:39:47 CST 2026] 归档旧文件: 2026-04-27.md
[Tue Jun  2 02:39:47 CST 2026] 归档旧文件: 2026-03-16-russian-language.md
[Tue Jun  2 02:39:47 CST 2026] 归档旧文件: 2026-04-13.md
[Tue Jun  2 02:39:47 CST 2026] 归档旧文件: 2026-04-07.md
[Tue Jun  2 02:39:47 CST 2026] 归档旧文件: 2026-03-28.md
[Tue Jun  2 02:39:47 CST 2026] 归档旧文件: 2026-03-17-russia-child-travel.md
[Tue Jun  2 02:39:47 CST 2026] 归档旧文件: 2026-04-17.md
[Tue Jun  2 02:39:47 CST 2026] 归档旧文件: 2026-04-23.md
[Tue Jun  2 02:39:47 CST 2026] 归档旧文件: 2026-04-06.md
[Tue Jun  2 02:39:47 CST 2026] 归档旧文件: 2026-04-13-russian.md
[Tue Jun  2 02:39:47 CST 2026] 归档旧文件: 2026-03-29.md
[Tue Jun  2 02:39:47 CST 2026] 归档旧文件: 2026-04-16.md
[Tue Jun  2 02:39:47 CST 2026] 归档旧文件: 2026-04-22.md
[Tue Jun  2 02:39:47 CST 2026] 归档旧文件: 2026-04-02.md
[Tue Jun  2 02:39:47 CST 2026] 归档旧文件: 2026-04-20-nightly.md
[Tue Jun  2 02:39:47 CST 2026] 归档旧文件: 2026-04-16-russian-study.md
[Tue Jun  2 02:39:47 CST 2026] 归档旧文件: 2026-04-26.md
[Tue Jun  2 02:39:47 CST 2026] 归档旧文件: 2026-04-12.md
[Tue Jun  2 02:39:47 CST 2026] 归档旧文件: 2026-04-05.md
[Tue Jun  2 02:39:47 CST 2026] 归档旧文件: 2026-04-14-1137.md
[Tue Jun  2 02:39:47 CST 2026] 归档旧文件: 2026-03-17-russian-version.md
[Tue Jun  2 02:39:47 CST 2026] 归档旧文件: 2026-04-15.md
[Tue Jun  2 02:39:47 CST 2026] 归档旧文件: 2026-04-21.md
[Tue Jun  2 02:39:47 CST 2026] 归档旧文件: 2026-03-16-vendor-inquiry.md
[Tue Jun  2 02:39:47 CST 2026] 归档旧文件: 2026-04-01.md
[Tue Jun  2 02:39:47 CST 2026] 归档旧文件: 2026-04-11.md
[Tue Jun  2 02:39:47 CST 2026] 归档旧文件: 2026-04-24.md
[Tue Jun  2 02:39:47 CST 2026] 归档旧文件: 2026-04-10.md
[Tue Jun  2 02:39:47 CST 2026] 归档旧文件: 2026-04-30.md
[Tue Jun  2 02:39:47 CST 2026] 归档旧文件: 2026-04-04.md
[Tue Jun  2 02:39:47 CST 2026] 归档旧文件: 2026-04-16-china-russia-exchange.md
[Tue Jun  2 02:39:47 CST 2026] 归档旧文件: 2026-04-14.md
[Tue Jun  2 02:39:47 CST 2026] 归档旧文件: 2026-04-15-russian.md
[Tue Jun  2 02:39:47 CST 2026] 归档旧文件: 2026-04-20.md
[Tue Jun  2 02:39:47 CST 2026] 归档旧文件: 2026-03-30.md
[Tue Jun  2 02:39:47 CST 2026] 归档旧文件: 2026-05-01.md
[Tue Jun  2 02:39:47 CST 2026] 归档旧文件: 2026-04-30-nightly.md
[Tue Jun  2 02:39:47 CST 2026] 归档旧文件: 2026-04-15-0215.md
[Tue Jun  2 02:39:47 CST 2026] 归档旧文件: 2026-03-31-russian.md
[Tue Jun  2 02:39:47 CST 2026] 归档旧文件: 2026-04-16-nightly.md
[Tue Jun  2 02:39:47 CST 2026] 归档旧文件: 2026-04-21-nightly.md
[Tue Jun  2 02:39:47 CST 2026] 归档旧文件: 2025-04-17-learning.md
[Tue Jun  2 02:39:47 CST 2026] 归档旧文件: 2026-03-31.md
[Tue Jun  2 02:39:47 CST 2026] 夜间维护完成
[Tue Jun  2 10:52:53 CST 2026] 早间汇报完成
[Sat Jun  6 07:27:10 CST 2026] 创建今日记忆文件: /Users/zhaozhiguo/.openclaw/workspace/memory/2026-06-06.md
[Sat Jun  6 07:27:13 CST 2026] 早间汇报完成
[Sat Jun  6 07:27:13 CST 2026] 创建明日学习任务: /Users/zhaozhiguo/.openclaw/workspace/memory/2026-06-07.md
[Sat Jun  6 07:27:13 CST 2026] 归档旧文件: 2026-05-03.md
[Sat Jun  6 07:27:13 CST 2026] 归档旧文件: 2026-05-02.md
[Sat Jun  6 07:27:13 CST 2026] 归档旧文件: 2026-05-03.md
[Sat Jun  6 07:27:13 CST 2026] 归档旧文件: 2026-05-02.md
[Sat Jun  6 07:27:13 CST 2026] 归档旧文件: 2026-05-05.md
[Sat Jun  6 07:27:13 CST 2026] 归档旧文件: 2026-05-04.md
[Sat Jun  6 07:27:13 CST 2026] 归档旧文件: 2026-04-09.md
[Sat Jun  6 07:27:13 CST 2026] 归档旧文件: 2026-03-16-openclaw-control-ui.md
[Sat Jun  6 07:27:14 CST 2026] 归档旧文件: 2026-04-19.md
[Sat Jun  6 07:27:14 CST 2026] 归档旧文件: 2026-03-26.md
[Sat Jun  6 07:27:14 CST 2026] 归档旧文件: 2026-04-20-russian-culture.md
[Sat Jun  6 07:27:14 CST 2026] 归档旧文件: 2026-04-26-0117.md
[Sat Jun  6 07:27:14 CST 2026] 归档旧文件: 2026-04-29.md
[Sat Jun  6 07:27:14 CST 2026] 归档旧文件: 2026-04-28.md
[Sat Jun  6 07:27:14 CST 2026] 归档旧文件: 2026-04-08.md
[Sat Jun  6 07:27:14 CST 2026] 归档旧文件: 2026-04-18.md
[Sat Jun  6 07:27:14 CST 2026] 归档旧文件: 2026-04-03.md
[Sat Jun  6 07:27:14 CST 2026] 归档旧文件: 2026-03-16-http-401-authentication-error-.md
[Sat Jun  6 07:27:14 CST 2026] 归档旧文件: 2026-04-27.md
[Sat Jun  6 07:27:14 CST 2026] 归档旧文件: 2026-03-16-russian-language.md
[Sat Jun  6 07:27:14 CST 2026] 归档旧文件: 2026-04-13.md
[Sat Jun  6 07:27:14 CST 2026] 归档旧文件: 2026-04-07.md
[Sat Jun  6 07:27:14 CST 2026] 归档旧文件: 2026-03-28.md
[Sat Jun  6 07:27:14 CST 2026] 归档旧文件: 2026-03-17-russia-child-travel.md
[Sat Jun  6 07:27:14 CST 2026] 归档旧文件: 2026-04-17.md
[Sat Jun  6 07:27:14 CST 2026] 归档旧文件: 2026-04-23.md
[Sat Jun  6 07:27:14 CST 2026] 归档旧文件: 2026-04-06.md
[Sat Jun  6 07:27:14 CST 2026] 归档旧文件: 2026-04-13-russian.md
[Sat Jun  6 07:27:14 CST 2026] 归档旧文件: 2026-03-29.md
[Sat Jun  6 07:27:14 CST 2026] 归档旧文件: 2026-04-16.md
[Sat Jun  6 07:27:14 CST 2026] 归档旧文件: 2026-04-22.md
[Sat Jun  6 07:27:15 CST 2026] 归档旧文件: 2026-04-02.md
[Sat Jun  6 07:27:15 CST 2026] 归档旧文件: 2026-04-20-nightly.md
[Sat Jun  6 07:27:15 CST 2026] 归档旧文件: 2026-04-16-russian-study.md
[Sat Jun  6 07:27:15 CST 2026] 归档旧文件: 2026-04-26.md
[Sat Jun  6 07:27:15 CST 2026] 归档旧文件: 2026-04-12.md
[Sat Jun  6 07:27:15 CST 2026] 归档旧文件: 2026-04-05.md
[Sat Jun  6 07:27:15 CST 2026] 归档旧文件: 2026-04-14-1137.md
[Sat Jun  6 07:27:15 CST 2026] 归档旧文件: 2026-03-17-russian-version.md
[Sat Jun  6 07:27:15 CST 2026] 归档旧文件: 2026-04-15.md
[Sat Jun  6 07:27:15 CST 2026] 归档旧文件: 2026-04-21.md
[Sat Jun  6 07:27:15 CST 2026] 归档旧文件: 2026-03-16-vendor-inquiry.md
[Sat Jun  6 07:27:15 CST 2026] 归档旧文件: 2026-04-01.md
[Sat Jun  6 07:27:15 CST 2026] 归档旧文件: 2026-04-11.md
[Sat Jun  6 07:27:15 CST 2026] 归档旧文件: 2026-04-24.md
[Sat Jun  6 07:27:15 CST 2026] 归档旧文件: 2026-04-10.md
[Sat Jun  6 07:27:15 CST 2026] 归档旧文件: 2026-04-30.md
[Sat Jun  6 07:27:15 CST 2026] 归档旧文件: 2026-04-04.md
[Sat Jun  6 07:27:15 CST 2026] 归档旧文件: 2026-04-16-china-russia-exchange.md
[Sat Jun  6 07:27:15 CST 2026] 归档旧文件: 2026-04-14.md
[Sat Jun  6 07:27:15 CST 2026] 归档旧文件: 2026-04-15-russian.md
[Sat Jun  6 07:27:16 CST 2026] 归档旧文件: 2026-04-20.md
[Sat Jun  6 07:27:16 CST 2026] 归档旧文件: 2026-03-30.md
[Sat Jun  6 07:27:16 CST 2026] 归档旧文件: 2026-05-01.md
[Sat Jun  6 07:27:16 CST 2026] 归档旧文件: 2026-04-30-nightly.md
[Sat Jun  6 07:27:16 CST 2026] 归档旧文件: 2026-04-15-0215.md
[Sat Jun  6 07:27:16 CST 2026] 归档旧文件: 2026-03-31-russian.md
[Sat Jun  6 07:27:16 CST 2026] 归档旧文件: 2026-04-16-nightly.md
[Sat Jun  6 07:27:16 CST 2026] 归档旧文件: 2026-04-21-nightly.md
[Sat Jun  6 07:27:16 CST 2026] 归档旧文件: 2025-04-17-learning.md
[Sat Jun  6 07:27:16 CST 2026] 归档旧文件: 2026-03-31.md
[Sat Jun  6 07:27:16 CST 2026] 归档旧文件: 2026-05-06.md
[Sat Jun  6 07:27:16 CST 2026] 归档旧文件: 2026-05-05.md
[Sat Jun  6 07:27:16 CST 2026] 归档旧文件: 2026-05-04.md
[Sat Jun  6 07:27:16 CST 2026] 夜间维护完成
[Sat Jun  6 08:00:00 CST 2026] 早间汇报完成
[Sun Jun  7 23:07:43 CST 2026] 创建明日学习任务: /Users/zhaozhiguo/.openclaw/workspace/memory/2026-06-08.md
[Sun Jun  7 23:07:43 CST 2026] 归档旧文件: 2026-04-09.md
[Sun Jun  7 23:07:43 CST 2026] 归档旧文件: 2026-03-16-openclaw-control-ui.md
[Sun Jun  7 23:07:43 CST 2026] 归档旧文件: 2026-04-19.md
[Sun Jun  7 23:07:43 CST 2026] 归档旧文件: 2026-03-26.md
[Sun Jun  7 23:07:43 CST 2026] 归档旧文件: 2026-04-20-russian-culture.md
[Sun Jun  7 23:07:43 CST 2026] 归档旧文件: 2026-05-03.md
[Sun Jun  7 23:07:43 CST 2026] 归档旧文件: 2026-04-26-0117.md
[Sun Jun  7 23:07:43 CST 2026] 归档旧文件: 2026-04-29.md
[Sun Jun  7 23:07:43 CST 2026] 归档旧文件: 2026-05-02.md
[Sun Jun  7 23:07:43 CST 2026] 归档旧文件: 2026-04-28.md
[Sun Jun  7 23:07:43 CST 2026] 归档旧文件: 2026-04-08.md
[Sun Jun  7 23:07:43 CST 2026] 归档旧文件: 2026-05-06.md
[Sun Jun  7 23:07:43 CST 2026] 归档旧文件: 2026-04-18.md
[Sun Jun  7 23:07:44 CST 2026] 归档旧文件: 2026-04-03.md
[Sun Jun  7 23:07:44 CST 2026] 归档旧文件: 2026-03-16-http-401-authentication-error-.md
[Sun Jun  7 23:07:44 CST 2026] 归档旧文件: 2026-04-27.md
[Sun Jun  7 23:07:44 CST 2026] 归档旧文件: 2026-03-16-russian-language.md
[Sun Jun  7 23:07:44 CST 2026] 归档旧文件: 2026-04-13.md
[Sun Jun  7 23:07:44 CST 2026] 归档旧文件: 2026-04-07.md
[Sun Jun  7 23:07:44 CST 2026] 归档旧文件: 2026-03-28.md
[Sun Jun  7 23:07:44 CST 2026] 归档旧文件: 2026-03-17-russia-child-travel.md
[Sun Jun  7 23:07:44 CST 2026] 归档旧文件: 2026-04-17.md
[Sun Jun  7 23:07:44 CST 2026] 归档旧文件: 2026-04-23.md
[Sun Jun  7 23:07:44 CST 2026] 归档旧文件: 2026-04-06.md
[Sun Jun  7 23:07:44 CST 2026] 归档旧文件: 2026-04-13-russian.md
[Sun Jun  7 23:07:44 CST 2026] 归档旧文件: 2026-03-29.md
[Sun Jun  7 23:07:44 CST 2026] 归档旧文件: 2026-04-16.md
[Sun Jun  7 23:07:44 CST 2026] 归档旧文件: 2026-04-22.md
[Sun Jun  7 23:07:44 CST 2026] 归档旧文件: 2026-04-02.md
[Sun Jun  7 23:07:44 CST 2026] 归档旧文件: 2026-04-20-nightly.md
[Sun Jun  7 23:07:44 CST 2026] 归档旧文件: 2026-04-16-russian-study.md
[Sun Jun  7 23:07:44 CST 2026] 归档旧文件: 2026-04-26.md
[Sun Jun  7 23:07:44 CST 2026] 归档旧文件: 2026-04-12.md
[Sun Jun  7 23:07:44 CST 2026] 归档旧文件: 2026-04-05.md
[Sun Jun  7 23:07:44 CST 2026] 归档旧文件: 2026-04-14-1137.md
[Sun Jun  7 23:07:44 CST 2026] 归档旧文件: 2026-03-17-russian-version.md
[Sun Jun  7 23:07:44 CST 2026] 归档旧文件: 2026-04-15.md
[Sun Jun  7 23:07:44 CST 2026] 归档旧文件: 2026-04-21.md
[Sun Jun  7 23:07:44 CST 2026] 归档旧文件: 2026-03-16-vendor-inquiry.md
[Sun Jun  7 23:07:44 CST 2026] 归档旧文件: 2026-04-01.md
[Sun Jun  7 23:07:44 CST 2026] 归档旧文件: 2026-04-11.md
[Sun Jun  7 23:07:44 CST 2026] 归档旧文件: 2026-04-24.md
[Sun Jun  7 23:07:44 CST 2026] 归档旧文件: 2026-04-10.md
[Sun Jun  7 23:07:44 CST 2026] 归档旧文件: 2026-04-30.md
[Sun Jun  7 23:07:44 CST 2026] 归档旧文件: 2026-04-04.md
[Sun Jun  7 23:07:44 CST 2026] 归档旧文件: 2026-04-16-china-russia-exchange.md
[Sun Jun  7 23:07:44 CST 2026] 归档旧文件: 2026-04-14.md
[Sun Jun  7 23:07:44 CST 2026] 归档旧文件: 2026-04-15-russian.md
[Sun Jun  7 23:07:44 CST 2026] 归档旧文件: 2026-04-20.md
[Sun Jun  7 23:07:44 CST 2026] 归档旧文件: 2026-03-30.md
[Sun Jun  7 23:07:44 CST 2026] 归档旧文件: 2026-05-01.md
[Sun Jun  7 23:07:44 CST 2026] 归档旧文件: 2026-04-30-nightly.md
[Sun Jun  7 23:07:44 CST 2026] 归档旧文件: 2026-04-15-0215.md
[Sun Jun  7 23:07:44 CST 2026] 归档旧文件: 2026-03-31-russian.md
[Sun Jun  7 23:07:44 CST 2026] 归档旧文件: 2026-05-05.md
[Sun Jun  7 23:07:44 CST 2026] 归档旧文件: 2026-04-16-nightly.md
[Sun Jun  7 23:07:44 CST 2026] 归档旧文件: 2026-04-21-nightly.md
[Sun Jun  7 23:07:44 CST 2026] 归档旧文件: 2026-05-04.md
[Sun Jun  7 23:07:44 CST 2026] 归档旧文件: 2025-04-17-learning.md
[Sun Jun  7 23:07:44 CST 2026] 归档旧文件: 2026-03-31.md
[Sun Jun  7 23:07:44 CST 2026] 夜间维护完成
[Mon Jun  8 08:02:28 CST 2026] 早间汇报完成
[Mon Jun  8 23:15:44 CST 2026] 创建明日学习任务: /Users/zhaozhiguo/.openclaw/workspace/memory/2026-06-09.md
[Mon Jun  8 23:15:44 CST 2026] 归档旧文件: 2026-04-09.md
[Mon Jun  8 23:15:44 CST 2026] 归档旧文件: 2026-03-16-openclaw-control-ui.md
[Mon Jun  8 23:15:44 CST 2026] 归档旧文件: 2026-04-19.md
[Mon Jun  8 23:15:44 CST 2026] 归档旧文件: 2026-03-26.md
[Mon Jun  8 23:15:44 CST 2026] 归档旧文件: 2026-04-20-russian-culture.md
[Mon Jun  8 23:15:44 CST 2026] 归档旧文件: 2026-05-03.md
[Mon Jun  8 23:15:44 CST 2026] 归档旧文件: 2026-04-26-0117.md
[Mon Jun  8 23:15:44 CST 2026] 归档旧文件: 2026-04-29.md
[Mon Jun  8 23:15:44 CST 2026] 归档旧文件: 2026-05-02.md
[Mon Jun  8 23:15:44 CST 2026] 归档旧文件: 2026-04-28.md
[Mon Jun  8 23:15:44 CST 2026] 归档旧文件: 2026-04-08.md
[Mon Jun  8 23:15:44 CST 2026] 归档旧文件: 2026-05-06.md
[Mon Jun  8 23:15:44 CST 2026] 归档旧文件: 2026-04-18.md
[Mon Jun  8 23:15:44 CST 2026] 归档旧文件: 2026-04-03.md
[Mon Jun  8 23:15:44 CST 2026] 归档旧文件: 2026-03-16-http-401-authentication-error-.md
[Mon Jun  8 23:15:44 CST 2026] 归档旧文件: 2026-04-27.md
[Mon Jun  8 23:15:44 CST 2026] 归档旧文件: 2026-03-16-russian-language.md
[Mon Jun  8 23:15:44 CST 2026] 归档旧文件: 2026-04-13.md
[Mon Jun  8 23:15:44 CST 2026] 归档旧文件: 2026-04-07.md
[Mon Jun  8 23:15:44 CST 2026] 归档旧文件: 2026-03-28.md
[Mon Jun  8 23:15:44 CST 2026] 归档旧文件: 2026-03-17-russia-child-travel.md
[Mon Jun  8 23:15:44 CST 2026] 归档旧文件: 2026-04-17.md
[Mon Jun  8 23:15:44 CST 2026] 归档旧文件: 2026-04-23.md
[Mon Jun  8 23:15:44 CST 2026] 归档旧文件: 2026-04-06.md
[Mon Jun  8 23:15:44 CST 2026] 归档旧文件: 2026-04-13-russian.md
[Mon Jun  8 23:15:44 CST 2026] 归档旧文件: 2026-03-29.md
[Mon Jun  8 23:15:44 CST 2026] 归档旧文件: 2026-04-16.md
[Mon Jun  8 23:15:44 CST 2026] 归档旧文件: 2026-04-22.md
[Mon Jun  8 23:15:44 CST 2026] 归档旧文件: 2026-04-02.md
[Mon Jun  8 23:15:44 CST 2026] 归档旧文件: 2026-04-20-nightly.md
[Mon Jun  8 23:15:44 CST 2026] 归档旧文件: 2026-04-16-russian-study.md
[Mon Jun  8 23:15:44 CST 2026] 归档旧文件: 2026-04-26.md
[Mon Jun  8 23:15:44 CST 2026] 归档旧文件: 2026-04-12.md
[Mon Jun  8 23:15:44 CST 2026] 归档旧文件: 2026-04-05.md
[Mon Jun  8 23:15:44 CST 2026] 归档旧文件: 2026-04-14-1137.md
[Mon Jun  8 23:15:44 CST 2026] 归档旧文件: 2026-03-17-russian-version.md
[Mon Jun  8 23:15:44 CST 2026] 归档旧文件: 2026-04-15.md
[Mon Jun  8 23:15:44 CST 2026] 归档旧文件: 2026-04-21.md
[Mon Jun  8 23:15:44 CST 2026] 归档旧文件: 2026-03-16-vendor-inquiry.md
[Mon Jun  8 23:15:44 CST 2026] 归档旧文件: 2026-04-01.md
[Mon Jun  8 23:15:44 CST 2026] 归档旧文件: 2026-04-11.md
[Mon Jun  8 23:15:44 CST 2026] 归档旧文件: 2026-04-24.md
[Mon Jun  8 23:15:44 CST 2026] 归档旧文件: 2026-04-10.md
[Mon Jun  8 23:15:44 CST 2026] 归档旧文件: 2026-04-30.md
[Mon Jun  8 23:15:44 CST 2026] 归档旧文件: 2026-04-04.md
[Mon Jun  8 23:15:45 CST 2026] 归档旧文件: 2026-04-16-china-russia-exchange.md
[Mon Jun  8 23:15:45 CST 2026] 归档旧文件: 2026-04-14.md
[Mon Jun  8 23:15:45 CST 2026] 归档旧文件: 2026-04-15-russian.md
[Mon Jun  8 23:15:45 CST 2026] 归档旧文件: 2026-04-20.md
[Mon Jun  8 23:15:45 CST 2026] 归档旧文件: 2026-03-30.md
[Mon Jun  8 23:15:45 CST 2026] 归档旧文件: 2026-05-01.md
[Mon Jun  8 23:15:45 CST 2026] 归档旧文件: 2026-04-30-nightly.md
[Mon Jun  8 23:15:45 CST 2026] 归档旧文件: 2026-04-15-0215.md
[Mon Jun  8 23:15:45 CST 2026] 归档旧文件: 2026-03-31-russian.md
[Mon Jun  8 23:15:45 CST 2026] 归档旧文件: 2026-05-05.md
[Mon Jun  8 23:15:45 CST 2026] 归档旧文件: 2026-04-16-nightly.md
[Mon Jun  8 23:15:45 CST 2026] 归档旧文件: 2026-04-21-nightly.md
[Mon Jun  8 23:15:45 CST 2026] 归档旧文件: 2026-05-04.md
[Mon Jun  8 23:15:45 CST 2026] 归档旧文件: 2025-04-17-learning.md
[Mon Jun  8 23:15:45 CST 2026] 归档旧文件: 2026-03-31.md
[Mon Jun  8 23:15:45 CST 2026] 夜间维护完成
[Tue Jun  9 08:50:00 CST 2026] 早间汇报完成
[Tue Jun  9 23:00:34 CST 2026] 创建明日学习任务: /Users/zhaozhiguo/.openclaw/workspace/memory/2026-06-10.md
[Tue Jun  9 23:00:34 CST 2026] 归档旧文件: 2026-05-09-platform-switch.md
[Tue Jun  9 23:00:35 CST 2026] 归档旧文件: 2026-05-09.md
[Tue Jun  9 23:00:35 CST 2026] 归档旧文件: 2026-04-09.md
[Tue Jun  9 23:00:35 CST 2026] 归档旧文件: 2026-03-16-openclaw-control-ui.md
[Tue Jun  9 23:00:35 CST 2026] 归档旧文件: 2026-04-19.md
[Tue Jun  9 23:00:35 CST 2026] 归档旧文件: 2026-03-26.md
[Tue Jun  9 23:00:35 CST 2026] 归档旧文件: 2026-04-20-russian-culture.md
[Tue Jun  9 23:00:35 CST 2026] 归档旧文件: 2026-05-03.md
[Tue Jun  9 23:00:35 CST 2026] 归档旧文件: 2026-04-26-0117.md
[Tue Jun  9 23:00:35 CST 2026] 归档旧文件: 2026-04-29.md
[Tue Jun  9 23:00:35 CST 2026] 归档旧文件: 2026-05-02.md
[Tue Jun  9 23:00:35 CST 2026] 归档旧文件: 2026-04-28.md
[Tue Jun  9 23:00:35 CST 2026] 归档旧文件: 2026-04-08.md
[Tue Jun  9 23:00:35 CST 2026] 归档旧文件: 2026-05-06.md
[Tue Jun  9 23:00:35 CST 2026] 归档旧文件: 2026-04-18.md
[Tue Jun  9 23:00:35 CST 2026] 归档旧文件: 2026-04-03.md
[Tue Jun  9 23:00:35 CST 2026] 归档旧文件: 2026-03-16-http-401-authentication-error-.md
[Tue Jun  9 23:00:35 CST 2026] 归档旧文件: 2026-04-27.md
[Tue Jun  9 23:00:35 CST 2026] 归档旧文件: 2026-03-16-russian-language.md
[Tue Jun  9 23:00:35 CST 2026] 归档旧文件: 2026-04-13.md
[Tue Jun  9 23:00:35 CST 2026] 归档旧文件: 2026-04-07.md
[Tue Jun  9 23:00:35 CST 2026] 归档旧文件: 2026-03-28.md
[Tue Jun  9 23:00:35 CST 2026] 归档旧文件: 2026-03-17-russia-child-travel.md
[Tue Jun  9 23:00:35 CST 2026] 归档旧文件: 2026-04-17.md
[Tue Jun  9 23:00:35 CST 2026] 归档旧文件: 2026-04-23.md
[Tue Jun  9 23:00:35 CST 2026] 归档旧文件: 2026-04-06.md
[Tue Jun  9 23:00:35 CST 2026] 归档旧文件: 2026-04-13-russian.md
[Tue Jun  9 23:00:35 CST 2026] 归档旧文件: 2026-03-29.md
[Tue Jun  9 23:00:35 CST 2026] 归档旧文件: 2026-04-16.md
[Tue Jun  9 23:00:35 CST 2026] 归档旧文件: 2026-04-22.md
[Tue Jun  9 23:00:35 CST 2026] 归档旧文件: 2026-04-02.md
[Tue Jun  9 23:00:35 CST 2026] 归档旧文件: 2026-04-20-nightly.md
[Tue Jun  9 23:00:35 CST 2026] 归档旧文件: 2026-04-16-russian-study.md
[Tue Jun  9 23:00:35 CST 2026] 归档旧文件: 2026-04-26.md
[Tue Jun  9 23:00:35 CST 2026] 归档旧文件: 2026-04-12.md
[Tue Jun  9 23:00:35 CST 2026] 归档旧文件: 2026-04-05.md
[Tue Jun  9 23:00:35 CST 2026] 归档旧文件: 2026-04-14-1137.md
[Tue Jun  9 23:00:35 CST 2026] 归档旧文件: 2026-03-17-russian-version.md
[Tue Jun  9 23:00:35 CST 2026] 归档旧文件: 2026-04-15.md
[Tue Jun  9 23:00:35 CST 2026] 归档旧文件: 2026-04-21.md
[Tue Jun  9 23:00:35 CST 2026] 归档旧文件: 2026-03-16-vendor-inquiry.md
[Tue Jun  9 23:00:35 CST 2026] 归档旧文件: 2026-04-01.md
[Tue Jun  9 23:00:35 CST 2026] 归档旧文件: 2026-04-11.md
[Tue Jun  9 23:00:35 CST 2026] 归档旧文件: 2026-04-24.md
[Tue Jun  9 23:00:35 CST 2026] 归档旧文件: 2026-04-10.md
[Tue Jun  9 23:00:35 CST 2026] 归档旧文件: 2026-04-30.md
[Tue Jun  9 23:00:35 CST 2026] 归档旧文件: 2026-04-04.md
[Tue Jun  9 23:00:35 CST 2026] 归档旧文件: 2026-04-16-china-russia-exchange.md
[Tue Jun  9 23:00:35 CST 2026] 归档旧文件: 2026-04-14.md
[Tue Jun  9 23:00:35 CST 2026] 归档旧文件: 2026-04-15-russian.md
[Tue Jun  9 23:00:35 CST 2026] 归档旧文件: 2026-04-20.md
[Tue Jun  9 23:00:35 CST 2026] 归档旧文件: 2026-03-30.md
[Tue Jun  9 23:00:35 CST 2026] 归档旧文件: 2026-05-01.md
[Tue Jun  9 23:00:35 CST 2026] 归档旧文件: 2026-04-30-nightly.md
[Tue Jun  9 23:00:36 CST 2026] 归档旧文件: 2026-04-15-0215.md
[Tue Jun  9 23:00:36 CST 2026] 归档旧文件: 2026-03-31-russian.md
[Tue Jun  9 23:00:36 CST 2026] 归档旧文件: 2026-05-05.md
[Tue Jun  9 23:00:36 CST 2026] 归档旧文件: 2026-04-16-nightly.md
[Tue Jun  9 23:00:36 CST 2026] 归档旧文件: 2026-04-21-nightly.md
[Tue Jun  9 23:00:36 CST 2026] 归档旧文件: 2026-05-04.md
[Tue Jun  9 23:00:36 CST 2026] 归档旧文件: 2025-04-17-learning.md
[Tue Jun  9 23:00:36 CST 2026] 归档旧文件: 2026-03-31.md
[Tue Jun  9 23:00:36 CST 2026] 归档旧文件: 2026-05-09.md
[Tue Jun  9 23:00:36 CST 2026] 夜间维护完成
[Wed Jun 10 08:08:32 CST 2026] 早间汇报完成
[Thu Jun 11 23:00:03 CST 2026] 创建明日学习任务: /Users/zhaozhiguo/.openclaw/workspace/memory/2026-06-12.md
[Thu Jun 11 23:00:03 CST 2026] 归档旧文件: 2026-05-10.md
[Thu Jun 11 23:00:03 CST 2026] 归档旧文件: 2026-05-09-platform-switch.md
[Thu Jun 11 23:00:03 CST 2026] 归档旧文件: 2026-04-09.md
[Thu Jun 11 23:00:03 CST 2026] 归档旧文件: 2026-03-16-openclaw-control-ui.md
[Thu Jun 11 23:00:03 CST 2026] 归档旧文件: 2026-04-19.md
[Thu Jun 11 23:00:03 CST 2026] 归档旧文件: 2026-03-26.md
[Thu Jun 11 23:00:03 CST 2026] 归档旧文件: 2026-04-20-russian-culture.md
[Thu Jun 11 23:00:03 CST 2026] 归档旧文件: 2026-05-03.md
[Thu Jun 11 23:00:03 CST 2026] 归档旧文件: 2026-04-26-0117.md
[Thu Jun 11 23:00:03 CST 2026] 归档旧文件: 2026-04-29.md
[Thu Jun 11 23:00:03 CST 2026] 归档旧文件: 2026-05-02.md
[Thu Jun 11 23:00:03 CST 2026] 归档旧文件: 2026-04-28.md
[Thu Jun 11 23:00:03 CST 2026] 归档旧文件: 2026-04-08.md
[Thu Jun 11 23:00:03 CST 2026] 归档旧文件: 2026-05-06.md
[Thu Jun 11 23:00:03 CST 2026] 归档旧文件: 2026-04-18.md
[Thu Jun 11 23:00:03 CST 2026] 归档旧文件: 2026-04-03.md
[Thu Jun 11 23:00:03 CST 2026] 归档旧文件: 2026-03-16-http-401-authentication-error-.md
[Thu Jun 11 23:00:03 CST 2026] 归档旧文件: 2026-04-27.md
[Thu Jun 11 23:00:03 CST 2026] 归档旧文件: 2026-03-16-russian-language.md
[Thu Jun 11 23:00:03 CST 2026] 归档旧文件: 2026-04-13.md
[Thu Jun 11 23:00:03 CST 2026] 归档旧文件: 2026-05-09.md
[Thu Jun 11 23:00:03 CST 2026] 归档旧文件: 2026-04-07.md
[Thu Jun 11 23:00:03 CST 2026] 归档旧文件: 2026-03-28.md
[Thu Jun 11 23:00:03 CST 2026] 归档旧文件: 2026-03-17-russia-child-travel.md
[Thu Jun 11 23:00:03 CST 2026] 归档旧文件: 2026-04-17.md
[Thu Jun 11 23:00:03 CST 2026] 归档旧文件: 2026-04-23.md
[Thu Jun 11 23:00:03 CST 2026] 归档旧文件: 2026-04-06.md
[Thu Jun 11 23:00:03 CST 2026] 归档旧文件: 2026-04-13-russian.md
[Thu Jun 11 23:00:03 CST 2026] 归档旧文件: 2026-03-29.md
[Thu Jun 11 23:00:03 CST 2026] 归档旧文件: 2026-04-16.md
[Thu Jun 11 23:00:03 CST 2026] 归档旧文件: 2026-04-22.md
[Thu Jun 11 23:00:03 CST 2026] 归档旧文件: 2026-04-02.md
[Thu Jun 11 23:00:03 CST 2026] 归档旧文件: 2026-04-20-nightly.md
[Thu Jun 11 23:00:03 CST 2026] 归档旧文件: 2026-04-16-russian-study.md
[Thu Jun 11 23:00:03 CST 2026] 归档旧文件: 2026-04-26.md
[Thu Jun 11 23:00:03 CST 2026] 归档旧文件: 2026-04-12.md
[Thu Jun 11 23:00:03 CST 2026] 归档旧文件: 2026-04-05.md
[Thu Jun 11 23:00:03 CST 2026] 归档旧文件: 2026-04-14-1137.md
[Thu Jun 11 23:00:03 CST 2026] 归档旧文件: 2026-03-17-russian-version.md
[Thu Jun 11 23:00:03 CST 2026] 归档旧文件: 2026-04-15.md
[Thu Jun 11 23:00:03 CST 2026] 归档旧文件: 2026-04-21.md
[Thu Jun 11 23:00:03 CST 2026] 归档旧文件: 2026-03-16-vendor-inquiry.md
[Thu Jun 11 23:00:03 CST 2026] 归档旧文件: 2026-04-01.md
[Thu Jun 11 23:00:03 CST 2026] 归档旧文件: 2026-04-11.md
[Thu Jun 11 23:00:03 CST 2026] 归档旧文件: 2026-04-24.md
[Thu Jun 11 23:00:03 CST 2026] 归档旧文件: 2026-04-10.md
[Thu Jun 11 23:00:03 CST 2026] 归档旧文件: 2026-04-30.md
[Thu Jun 11 23:00:03 CST 2026] 归档旧文件: 2026-04-04.md
[Thu Jun 11 23:00:03 CST 2026] 归档旧文件: 2026-04-16-china-russia-exchange.md
[Thu Jun 11 23:00:03 CST 2026] 归档旧文件: 2026-04-14.md
[Thu Jun 11 23:00:04 CST 2026] 归档旧文件: 2026-04-15-russian.md
[Thu Jun 11 23:00:04 CST 2026] 归档旧文件: 2026-04-20.md
[Thu Jun 11 23:00:04 CST 2026] 归档旧文件: 2026-03-30.md
[Thu Jun 11 23:00:04 CST 2026] 归档旧文件: 2026-05-01.md
[Thu Jun 11 23:00:04 CST 2026] 归档旧文件: 2026-04-30-nightly.md
[Thu Jun 11 23:00:04 CST 2026] 归档旧文件: 2026-04-15-0215.md
[Thu Jun 11 23:00:04 CST 2026] 归档旧文件: 2026-03-31-russian.md
[Thu Jun 11 23:00:04 CST 2026] 归档旧文件: 2026-05-05.md
[Thu Jun 11 23:00:04 CST 2026] 归档旧文件: 2026-04-16-nightly.md
[Thu Jun 11 23:00:04 CST 2026] 归档旧文件: 2026-04-21-nightly.md
[Thu Jun 11 23:00:04 CST 2026] 归档旧文件: 2026-05-04.md
[Thu Jun 11 23:00:04 CST 2026] 归档旧文件: 2025-04-17-learning.md
[Thu Jun 11 23:00:04 CST 2026] 归档旧文件: 2026-03-31.md
[Thu Jun 11 23:00:04 CST 2026] 归档旧文件: 2026-05-11.md
[Thu Jun 11 23:00:04 CST 2026] 归档旧文件: 2026-05-09-nightly.md
[Thu Jun 11 23:00:04 CST 2026] 归档旧文件: 2026-05-10.md
[Thu Jun 11 23:00:04 CST 2026] 夜间维护完成
[Fri Jun 12 08:00:01 CST 2026] 早间汇报完成
[Fri Jun 12 23:04:51 CST 2026] 创建明日学习任务: /Users/zhaozhiguo/.openclaw/workspace/memory/2026-06-13.md
[Fri Jun 12 23:04:51 CST 2026] 归档旧文件: 2026-05-12.md
[Fri Jun 12 23:04:51 CST 2026] 归档旧文件: 2026-05-12.md
[Fri Jun 12 23:04:51 CST 2026] 归档旧文件: 2026-05-09-platform-switch.md
[Fri Jun 12 23:04:51 CST 2026] 归档旧文件: 2026-04-09.md
[Fri Jun 12 23:04:51 CST 2026] 归档旧文件: 2026-03-16-openclaw-control-ui.md
[Fri Jun 12 23:04:51 CST 2026] 归档旧文件: 2026-04-19.md
[Fri Jun 12 23:04:51 CST 2026] 归档旧文件: 2026-03-26.md
[Fri Jun 12 23:04:51 CST 2026] 归档旧文件: 2026-04-20-russian-culture.md
[Fri Jun 12 23:04:51 CST 2026] 归档旧文件: 2026-05-03.md
[Fri Jun 12 23:04:51 CST 2026] 归档旧文件: 2026-04-26-0117.md
[Fri Jun 12 23:04:51 CST 2026] 归档旧文件: 2026-04-29.md
[Fri Jun 12 23:04:51 CST 2026] 归档旧文件: 2026-05-02.md
[Fri Jun 12 23:04:51 CST 2026] 归档旧文件: 2026-04-28.md
[Fri Jun 12 23:04:51 CST 2026] 归档旧文件: 2026-04-08.md
[Fri Jun 12 23:04:51 CST 2026] 归档旧文件: 2026-05-06.md
[Fri Jun 12 23:04:51 CST 2026] 归档旧文件: 2026-04-18.md
[Fri Jun 12 23:04:51 CST 2026] 归档旧文件: 2026-04-03.md
[Fri Jun 12 23:04:51 CST 2026] 归档旧文件: 2026-03-16-http-401-authentication-error-.md
[Fri Jun 12 23:04:51 CST 2026] 归档旧文件: 2026-04-27.md
[Fri Jun 12 23:04:51 CST 2026] 归档旧文件: 2026-03-16-russian-language.md
[Fri Jun 12 23:04:51 CST 2026] 归档旧文件: 2026-04-13.md
[Fri Jun 12 23:04:51 CST 2026] 归档旧文件: 2026-05-09.md
[Fri Jun 12 23:04:51 CST 2026] 归档旧文件: 2026-04-07.md
[Fri Jun 12 23:04:51 CST 2026] 归档旧文件: 2026-03-28.md
[Fri Jun 12 23:04:51 CST 2026] 归档旧文件: 2026-03-17-russia-child-travel.md
[Fri Jun 12 23:04:51 CST 2026] 归档旧文件: 2026-04-17.md
[Fri Jun 12 23:04:51 CST 2026] 归档旧文件: 2026-04-23.md
[Fri Jun 12 23:04:51 CST 2026] 归档旧文件: 2026-04-06.md
[Fri Jun 12 23:04:51 CST 2026] 归档旧文件: 2026-04-13-russian.md
[Fri Jun 12 23:04:51 CST 2026] 归档旧文件: 2026-03-29.md
[Fri Jun 12 23:04:51 CST 2026] 归档旧文件: 2026-04-16.md
[Fri Jun 12 23:04:51 CST 2026] 归档旧文件: 2026-04-22.md
[Fri Jun 12 23:04:51 CST 2026] 归档旧文件: 2026-04-02.md
[Fri Jun 12 23:04:51 CST 2026] 归档旧文件: 2026-04-20-nightly.md
[Fri Jun 12 23:04:51 CST 2026] 归档旧文件: 2026-04-16-russian-study.md
[Fri Jun 12 23:04:52 CST 2026] 归档旧文件: 2026-04-26.md
[Fri Jun 12 23:04:52 CST 2026] 归档旧文件: 2026-04-12.md
[Fri Jun 12 23:04:52 CST 2026] 归档旧文件: 2026-04-05.md
[Fri Jun 12 23:04:52 CST 2026] 归档旧文件: 2026-04-14-1137.md
[Fri Jun 12 23:04:52 CST 2026] 归档旧文件: 2026-03-17-russian-version.md
[Fri Jun 12 23:04:52 CST 2026] 归档旧文件: 2026-04-15.md
[Fri Jun 12 23:04:52 CST 2026] 归档旧文件: 2026-04-21.md
[Fri Jun 12 23:04:52 CST 2026] 归档旧文件: 2026-03-16-vendor-inquiry.md
[Fri Jun 12 23:04:52 CST 2026] 归档旧文件: 2026-04-01.md
[Fri Jun 12 23:04:52 CST 2026] 归档旧文件: 2026-04-11.md
[Fri Jun 12 23:04:52 CST 2026] 归档旧文件: 2026-04-24.md
[Fri Jun 12 23:04:52 CST 2026] 归档旧文件: 2026-04-10.md
[Fri Jun 12 23:04:52 CST 2026] 归档旧文件: 2026-04-30.md
[Fri Jun 12 23:04:52 CST 2026] 归档旧文件: 2026-04-04.md
[Fri Jun 12 23:04:52 CST 2026] 归档旧文件: 2026-04-16-china-russia-exchange.md
[Fri Jun 12 23:04:52 CST 2026] 归档旧文件: 2026-04-14.md
[Fri Jun 12 23:04:52 CST 2026] 归档旧文件: 2026-04-15-russian.md
[Fri Jun 12 23:04:52 CST 2026] 归档旧文件: 2026-04-20.md
[Fri Jun 12 23:04:52 CST 2026] 归档旧文件: 2026-03-30.md
[Fri Jun 12 23:04:52 CST 2026] 归档旧文件: 2026-05-01.md
[Fri Jun 12 23:04:52 CST 2026] 归档旧文件: 2026-05-11.md
[Fri Jun 12 23:04:52 CST 2026] 归档旧文件: 2026-04-30-nightly.md
[Fri Jun 12 23:04:52 CST 2026] 归档旧文件: 2026-04-15-0215.md
[Fri Jun 12 23:04:52 CST 2026] 归档旧文件: 2026-03-31-russian.md
[Fri Jun 12 23:04:52 CST 2026] 归档旧文件: 2026-05-05.md
[Fri Jun 12 23:04:52 CST 2026] 归档旧文件: 2026-04-16-nightly.md
[Fri Jun 12 23:04:52 CST 2026] 归档旧文件: 2026-04-21-nightly.md
[Fri Jun 12 23:04:52 CST 2026] 归档旧文件: 2026-05-09-nightly.md
[Fri Jun 12 23:04:52 CST 2026] 归档旧文件: 2026-05-04.md
[Fri Jun 12 23:04:52 CST 2026] 归档旧文件: 2025-04-17-learning.md
[Fri Jun 12 23:04:52 CST 2026] 归档旧文件: 2026-03-31.md
[Fri Jun 12 23:04:52 CST 2026] 归档旧文件: 2026-05-10.md
[Fri Jun 12 23:04:53 CST 2026] 夜间维护完成
[Sat Jun 13 08:00:00 CST 2026] 早间汇报完成
[Sat Jun 13 23:00:00 CST 2026] 创建明日学习任务: /Users/zhaozhiguo/.openclaw/workspace/memory/2026-06-14.md
[Sat Jun 13 23:00:00 CST 2026] 归档旧文件: 2026-05-13.md
[Sat Jun 13 23:00:00 CST 2026] 归档旧文件: 2026-05-13.md
[Sat Jun 13 23:00:00 CST 2026] 归档旧文件: 2026-05-09-platform-switch.md
[Sat Jun 13 23:00:00 CST 2026] 归档旧文件: 2026-04-09.md
[Sat Jun 13 23:00:00 CST 2026] 归档旧文件: 2026-03-16-openclaw-control-ui.md
[Sat Jun 13 23:00:00 CST 2026] 归档旧文件: 2026-04-19.md
[Sat Jun 13 23:00:00 CST 2026] 归档旧文件: 2026-03-26.md
[Sat Jun 13 23:00:00 CST 2026] 归档旧文件: 2026-04-20-russian-culture.md
[Sat Jun 13 23:00:00 CST 2026] 归档旧文件: 2026-05-03.md
[Sat Jun 13 23:00:00 CST 2026] 归档旧文件: 2026-04-26-0117.md
[Sat Jun 13 23:00:00 CST 2026] 归档旧文件: 2026-04-29.md
[Sat Jun 13 23:00:00 CST 2026] 归档旧文件: 2026-05-02.md
[Sat Jun 13 23:00:00 CST 2026] 归档旧文件: 2026-05-12.md
[Sat Jun 13 23:00:00 CST 2026] 归档旧文件: 2026-04-28.md
[Sat Jun 13 23:00:00 CST 2026] 归档旧文件: 2026-04-08.md
[Sat Jun 13 23:00:00 CST 2026] 归档旧文件: 2026-05-06.md
[Sat Jun 13 23:00:00 CST 2026] 归档旧文件: 2026-04-18.md
[Sat Jun 13 23:00:00 CST 2026] 归档旧文件: 2026-04-03.md
[Sat Jun 13 23:00:00 CST 2026] 归档旧文件: 2026-03-16-http-401-authentication-error-.md
[Sat Jun 13 23:00:00 CST 2026] 归档旧文件: 2026-04-27.md
[Sat Jun 13 23:00:00 CST 2026] 归档旧文件: 2026-03-16-russian-language.md
[Sat Jun 13 23:00:00 CST 2026] 归档旧文件: 2026-04-13.md
[Sat Jun 13 23:00:00 CST 2026] 归档旧文件: 2026-05-09.md
[Sat Jun 13 23:00:00 CST 2026] 归档旧文件: 2026-04-07.md
[Sat Jun 13 23:00:00 CST 2026] 归档旧文件: 2026-03-28.md
[Sat Jun 13 23:00:00 CST 2026] 归档旧文件: 2026-03-17-russia-child-travel.md
[Sat Jun 13 23:00:00 CST 2026] 归档旧文件: 2026-04-17.md
[Sat Jun 13 23:00:00 CST 2026] 归档旧文件: 2026-04-23.md
[Sat Jun 13 23:00:00 CST 2026] 归档旧文件: 2026-04-06.md
[Sat Jun 13 23:00:01 CST 2026] 归档旧文件: 2026-04-13-russian.md
[Sat Jun 13 23:00:01 CST 2026] 归档旧文件: 2026-03-29.md
[Sat Jun 13 23:00:01 CST 2026] 归档旧文件: 2026-04-16.md
[Sat Jun 13 23:00:01 CST 2026] 归档旧文件: 2026-04-22.md
[Sat Jun 13 23:00:01 CST 2026] 归档旧文件: 2026-04-02.md
[Sat Jun 13 23:00:01 CST 2026] 归档旧文件: 2026-04-20-nightly.md
[Sat Jun 13 23:00:01 CST 2026] 归档旧文件: 2026-04-16-russian-study.md
[Sat Jun 13 23:00:01 CST 2026] 归档旧文件: 2026-04-26.md
[Sat Jun 13 23:00:01 CST 2026] 归档旧文件: 2026-04-12.md
[Sat Jun 13 23:00:01 CST 2026] 归档旧文件: 2026-04-05.md
[Sat Jun 13 23:00:01 CST 2026] 归档旧文件: 2026-04-14-1137.md
[Sat Jun 13 23:00:01 CST 2026] 归档旧文件: 2026-03-17-russian-version.md
[Sat Jun 13 23:00:01 CST 2026] 归档旧文件: 2026-04-15.md
[Sat Jun 13 23:00:01 CST 2026] 归档旧文件: 2026-04-21.md
[Sat Jun 13 23:00:01 CST 2026] 归档旧文件: 2026-03-16-vendor-inquiry.md
[Sat Jun 13 23:00:01 CST 2026] 归档旧文件: 2026-04-01.md
[Sat Jun 13 23:00:01 CST 2026] 归档旧文件: 2026-04-11.md
[Sat Jun 13 23:00:01 CST 2026] 归档旧文件: 2026-04-24.md
[Sat Jun 13 23:00:01 CST 2026] 归档旧文件: 2026-04-10.md
[Sat Jun 13 23:00:01 CST 2026] 归档旧文件: 2026-04-30.md
[Sat Jun 13 23:00:01 CST 2026] 归档旧文件: 2026-04-04.md
[Sat Jun 13 23:00:01 CST 2026] 归档旧文件: 2026-04-16-china-russia-exchange.md
[Sat Jun 13 23:00:01 CST 2026] 归档旧文件: 2026-04-14.md
[Sat Jun 13 23:00:01 CST 2026] 归档旧文件: 2026-04-15-russian.md
[Sat Jun 13 23:00:01 CST 2026] 归档旧文件: 2026-04-20.md
[Sat Jun 13 23:00:01 CST 2026] 归档旧文件: 2026-03-30.md
[Sat Jun 13 23:00:01 CST 2026] 归档旧文件: 2026-05-01.md
[Sat Jun 13 23:00:01 CST 2026] 归档旧文件: 2026-05-11.md
[Sat Jun 13 23:00:01 CST 2026] 归档旧文件: 2026-04-30-nightly.md
[Sat Jun 13 23:00:01 CST 2026] 归档旧文件: 2026-04-15-0215.md
[Sat Jun 13 23:00:01 CST 2026] 归档旧文件: 2026-03-31-russian.md
[Sat Jun 13 23:00:01 CST 2026] 归档旧文件: 2026-05-05.md
[Sat Jun 13 23:00:01 CST 2026] 归档旧文件: 2026-04-16-nightly.md
[Sat Jun 13 23:00:01 CST 2026] 归档旧文件: 2026-04-21-nightly.md
[Sat Jun 13 23:00:01 CST 2026] 归档旧文件: 2026-05-09-nightly.md
[Sat Jun 13 23:00:01 CST 2026] 归档旧文件: 2026-05-04.md
[Sat Jun 13 23:00:01 CST 2026] 归档旧文件: 2025-04-17-learning.md
[Sat Jun 13 23:00:01 CST 2026] 归档旧文件: 2026-03-31.md
[Sat Jun 13 23:00:01 CST 2026] 归档旧文件: 2026-05-10.md
[Sat Jun 13 23:00:01 CST 2026] 归档旧文件: 2026-05-14.md
[Sat Jun 13 23:00:01 CST 2026] 夜间维护完成
[Sun Jun 14 13:45:52 CST 2026] 早间汇报完成
[Sun Jun 14 23:00:12 CST 2026] 创建明日学习任务: /Users/zhaozhiguo/.openclaw/workspace/memory/2026-06-15.md
[Sun Jun 14 23:00:12 CST 2026] 归档旧文件: 2026-05-14.md
[Sun Jun 14 23:00:12 CST 2026] 归档旧文件: 2026-05-09-platform-switch.md
[Sun Jun 14 23:00:12 CST 2026] 归档旧文件: 2026-04-09.md
[Sun Jun 14 23:00:13 CST 2026] 归档旧文件: 2026-03-16-openclaw-control-ui.md
[Sun Jun 14 23:00:13 CST 2026] 归档旧文件: 2026-04-19.md
[Sun Jun 14 23:00:13 CST 2026] 归档旧文件: 2026-03-26.md
[Sun Jun 14 23:00:13 CST 2026] 归档旧文件: 2026-04-20-russian-culture.md
[Sun Jun 14 23:00:13 CST 2026] 归档旧文件: 2026-05-03.md
[Sun Jun 14 23:00:13 CST 2026] 归档旧文件: 2026-04-26-0117.md
[Sun Jun 14 23:00:13 CST 2026] 归档旧文件: 2026-05-13.md
[Sun Jun 14 23:00:13 CST 2026] 归档旧文件: 2026-04-29.md
[Sun Jun 14 23:00:13 CST 2026] 归档旧文件: 2026-05-02.md
[Sun Jun 14 23:00:13 CST 2026] 归档旧文件: 2026-05-12.md
[Sun Jun 14 23:00:13 CST 2026] 归档旧文件: 2026-04-28.md
[Sun Jun 14 23:00:13 CST 2026] 归档旧文件: 2026-04-08.md
[Sun Jun 14 23:00:13 CST 2026] 归档旧文件: 2026-05-06.md
[Sun Jun 14 23:00:13 CST 2026] 归档旧文件: 2026-04-18.md
[Sun Jun 14 23:00:13 CST 2026] 归档旧文件: 2026-04-03.md
[Sun Jun 14 23:00:13 CST 2026] 归档旧文件: 2026-03-16-http-401-authentication-error-.md
[Sun Jun 14 23:00:13 CST 2026] 归档旧文件: 2026-04-27.md
[Sun Jun 14 23:00:13 CST 2026] 归档旧文件: 2026-03-16-russian-language.md
[Sun Jun 14 23:00:13 CST 2026] 归档旧文件: 2026-04-13.md
[Sun Jun 14 23:00:13 CST 2026] 归档旧文件: 2026-05-09.md
[Sun Jun 14 23:00:13 CST 2026] 归档旧文件: 2026-04-07.md
[Sun Jun 14 23:00:13 CST 2026] 归档旧文件: 2026-03-28.md
[Sun Jun 14 23:00:13 CST 2026] 归档旧文件: 2026-03-17-russia-child-travel.md
[Sun Jun 14 23:00:13 CST 2026] 归档旧文件: 2026-04-17.md
[Sun Jun 14 23:00:13 CST 2026] 归档旧文件: 2026-04-23.md
[Sun Jun 14 23:00:13 CST 2026] 归档旧文件: 2026-04-06.md
[Sun Jun 14 23:00:13 CST 2026] 归档旧文件: 2026-04-13-russian.md
[Sun Jun 14 23:00:13 CST 2026] 归档旧文件: 2026-03-29.md
[Sun Jun 14 23:00:13 CST 2026] 归档旧文件: 2026-04-16.md
[Sun Jun 14 23:00:13 CST 2026] 归档旧文件: 2026-04-22.md
[Sun Jun 14 23:00:13 CST 2026] 归档旧文件: 2026-04-02.md
[Sun Jun 14 23:00:13 CST 2026] 归档旧文件: 2026-04-20-nightly.md
[Sun Jun 14 23:00:13 CST 2026] 归档旧文件: 2026-04-16-russian-study.md
[Sun Jun 14 23:00:13 CST 2026] 归档旧文件: 2026-04-26.md
[Sun Jun 14 23:00:13 CST 2026] 归档旧文件: 2026-04-12.md
[Sun Jun 14 23:00:13 CST 2026] 归档旧文件: 2026-04-05.md
[Sun Jun 14 23:00:13 CST 2026] 归档旧文件: 2026-04-14-1137.md
[Sun Jun 14 23:00:13 CST 2026] 归档旧文件: 2026-03-17-russian-version.md
[Sun Jun 14 23:00:13 CST 2026] 归档旧文件: 2026-04-15.md
[Sun Jun 14 23:00:13 CST 2026] 归档旧文件: 2026-04-21.md
[Sun Jun 14 23:00:13 CST 2026] 归档旧文件: 2026-03-16-vendor-inquiry.md
[Sun Jun 14 23:00:13 CST 2026] 归档旧文件: 2026-04-01.md
[Sun Jun 14 23:00:13 CST 2026] 归档旧文件: 2026-04-11.md
[Sun Jun 14 23:00:13 CST 2026] 归档旧文件: 2026-04-24.md
[Sun Jun 14 23:00:13 CST 2026] 归档旧文件: 2026-04-10.md
[Sun Jun 14 23:00:13 CST 2026] 归档旧文件: 2026-04-30.md
[Sun Jun 14 23:00:13 CST 2026] 归档旧文件: 2026-04-04.md
[Sun Jun 14 23:00:13 CST 2026] 归档旧文件: 2026-04-16-china-russia-exchange.md
[Sun Jun 14 23:00:13 CST 2026] 归档旧文件: 2026-04-14.md
[Sun Jun 14 23:00:13 CST 2026] 归档旧文件: 2026-04-15-russian.md
[Sun Jun 14 23:00:13 CST 2026] 归档旧文件: 2026-04-20.md
[Sun Jun 14 23:00:13 CST 2026] 归档旧文件: 2026-03-30.md
[Sun Jun 14 23:00:13 CST 2026] 归档旧文件: 2026-05-01.md
[Sun Jun 14 23:00:13 CST 2026] 归档旧文件: 2026-05-11.md
[Sun Jun 14 23:00:13 CST 2026] 归档旧文件: 2026-04-30-nightly.md
[Sun Jun 14 23:00:13 CST 2026] 归档旧文件: 2026-04-15-0215.md
[Sun Jun 14 23:00:13 CST 2026] 归档旧文件: 2026-03-31-russian.md
[Sun Jun 14 23:00:13 CST 2026] 归档旧文件: 2026-05-05.md
[Sun Jun 14 23:00:13 CST 2026] 归档旧文件: 2026-04-16-nightly.md
[Sun Jun 14 23:00:13 CST 2026] 归档旧文件: 2026-04-21-nightly.md
[Sun Jun 14 23:00:13 CST 2026] 归档旧文件: 2026-05-09-nightly.md
[Sun Jun 14 23:00:13 CST 2026] 归档旧文件: 2026-05-04.md
[Sun Jun 14 23:00:13 CST 2026] 归档旧文件: 2025-04-17-learning.md
[Sun Jun 14 23:00:13 CST 2026] 归档旧文件: 2026-05-14.md
[Sun Jun 14 23:00:13 CST 2026] 归档旧文件: 2026-03-31.md
[Sun Jun 14 23:00:13 CST 2026] 归档旧文件: 2026-05-10.md
[Sun Jun 14 23:00:14 CST 2026] 归档旧文件: 2026-05-15.md
[Sun Jun 14 23:00:14 CST 2026] 夜间维护完成
[Mon Jun 15 08:00:00 CST 2026] 早间汇报完成
[Tue Jun 16 00:10:00 CST 2026] 创建今日记忆文件: /Users/zhaozhiguo/.openclaw/workspace/memory/2026-06-16.md
[Tue Jun 16 00:10:00 CST 2026] 创建明日学习任务: /Users/zhaozhiguo/.openclaw/workspace/memory/2026-06-17.md
[Tue Jun 16 00:10:00 CST 2026] 归档旧文件: 2026-05-09-platform-switch.md
[Tue Jun 16 00:10:00 CST 2026] 归档旧文件: 2026-04-09.md
[Tue Jun 16 00:10:00 CST 2026] 归档旧文件: 2026-03-16-openclaw-control-ui.md
[Tue Jun 16 00:10:01 CST 2026] 归档旧文件: 2026-04-19.md
[Tue Jun 16 00:10:01 CST 2026] 归档旧文件: 2026-03-26.md
[Tue Jun 16 00:10:01 CST 2026] 归档旧文件: 2026-04-20-russian-culture.md
[Tue Jun 16 00:10:01 CST 2026] 归档旧文件: 2026-05-03.md
[Tue Jun 16 00:10:01 CST 2026] 归档旧文件: 2026-04-26-0117.md
[Tue Jun 16 00:10:01 CST 2026] 归档旧文件: 2026-05-13.md
[Tue Jun 16 00:10:01 CST 2026] 归档旧文件: 2026-04-29.md
[Tue Jun 16 00:10:01 CST 2026] 归档旧文件: 2026-05-02.md
[Tue Jun 16 00:10:01 CST 2026] 归档旧文件: 2026-05-12.md
[Tue Jun 16 00:10:01 CST 2026] 归档旧文件: 2026-04-28.md
[Tue Jun 16 00:10:01 CST 2026] 归档旧文件: 2026-04-08.md
[Tue Jun 16 00:10:01 CST 2026] 归档旧文件: 2026-05-06.md
[Tue Jun 16 00:10:01 CST 2026] 归档旧文件: 2026-04-18.md
[Tue Jun 16 00:10:01 CST 2026] 归档旧文件: 2026-04-03.md
[Tue Jun 16 00:10:01 CST 2026] 归档旧文件: 2026-03-16-http-401-authentication-error-.md
[Tue Jun 16 00:10:01 CST 2026] 归档旧文件: 2026-04-27.md
[Tue Jun 16 00:10:01 CST 2026] 归档旧文件: 2026-03-16-russian-language.md
[Tue Jun 16 00:10:01 CST 2026] 归档旧文件: 2026-04-13.md
[Tue Jun 16 00:10:01 CST 2026] 归档旧文件: 2026-05-09.md
[Tue Jun 16 00:10:01 CST 2026] 归档旧文件: 2026-04-07.md
[Tue Jun 16 00:10:01 CST 2026] 归档旧文件: 2026-03-28.md
[Tue Jun 16 00:10:01 CST 2026] 归档旧文件: 2026-03-17-russia-child-travel.md
[Tue Jun 16 00:10:01 CST 2026] 归档旧文件: 2026-04-17.md
[Tue Jun 16 00:10:01 CST 2026] 归档旧文件: 2026-04-23.md
[Tue Jun 16 00:10:01 CST 2026] 归档旧文件: 2026-04-06.md
[Tue Jun 16 00:10:01 CST 2026] 归档旧文件: 2026-04-13-russian.md
[Tue Jun 16 00:10:01 CST 2026] 归档旧文件: 2026-03-29.md
[Tue Jun 16 00:10:01 CST 2026] 归档旧文件: 2026-04-16.md
[Tue Jun 16 00:10:01 CST 2026] 归档旧文件: 2026-04-22.md
[Tue Jun 16 00:10:01 CST 2026] 归档旧文件: 2026-04-02.md
[Tue Jun 16 00:10:01 CST 2026] 归档旧文件: 2026-04-20-nightly.md
[Tue Jun 16 00:10:01 CST 2026] 归档旧文件: 2026-04-16-russian-study.md
[Tue Jun 16 00:10:01 CST 2026] 归档旧文件: 2026-04-26.md
[Tue Jun 16 00:10:01 CST 2026] 归档旧文件: 2026-04-12.md
[Tue Jun 16 00:10:01 CST 2026] 归档旧文件: 2026-04-05.md
[Tue Jun 16 00:10:01 CST 2026] 归档旧文件: 2026-04-14-1137.md
[Tue Jun 16 00:10:01 CST 2026] 归档旧文件: 2026-03-17-russian-version.md
[Tue Jun 16 00:10:01 CST 2026] 归档旧文件: 2026-04-15.md
[Tue Jun 16 00:10:01 CST 2026] 归档旧文件: 2026-04-21.md
[Tue Jun 16 00:10:01 CST 2026] 归档旧文件: 2026-03-16-vendor-inquiry.md
[Tue Jun 16 00:10:01 CST 2026] 归档旧文件: 2026-04-01.md
[Tue Jun 16 00:10:01 CST 2026] 归档旧文件: 2026-04-11.md
[Tue Jun 16 00:10:01 CST 2026] 归档旧文件: 2026-04-24.md
[Tue Jun 16 00:10:01 CST 2026] 归档旧文件: 2026-04-10.md
[Tue Jun 16 00:10:01 CST 2026] 归档旧文件: 2026-04-30.md
[Tue Jun 16 00:10:01 CST 2026] 归档旧文件: 2026-04-04.md
[Tue Jun 16 00:10:01 CST 2026] 归档旧文件: 2026-04-16-china-russia-exchange.md
[Tue Jun 16 00:10:01 CST 2026] 归档旧文件: 2026-04-14.md
[Tue Jun 16 00:10:01 CST 2026] 归档旧文件: 2026-04-15-russian.md
[Tue Jun 16 00:10:01 CST 2026] 归档旧文件: 2026-04-20.md
[Tue Jun 16 00:10:01 CST 2026] 归档旧文件: 2026-03-30.md
[Tue Jun 16 00:10:01 CST 2026] 归档旧文件: 2026-05-01.md
[Tue Jun 16 00:10:01 CST 2026] 归档旧文件: 2026-05-11.md
[Tue Jun 16 00:10:01 CST 2026] 归档旧文件: 2026-04-30-nightly.md
[Tue Jun 16 00:10:01 CST 2026] 归档旧文件: 2026-04-15-0215.md
[Tue Jun 16 00:10:01 CST 2026] 归档旧文件: 2026-03-31-russian.md
[Tue Jun 16 00:10:01 CST 2026] 归档旧文件: 2026-05-05.md
[Tue Jun 16 00:10:01 CST 2026] 归档旧文件: 2026-04-16-nightly.md
[Tue Jun 16 00:10:01 CST 2026] 归档旧文件: 2026-04-21-nightly.md
[Tue Jun 16 00:10:01 CST 2026] 归档旧文件: 2026-05-15.md
[Tue Jun 16 00:10:01 CST 2026] 归档旧文件: 2026-05-09-nightly.md
[Tue Jun 16 00:10:01 CST 2026] 归档旧文件: 2026-05-04.md
[Tue Jun 16 00:10:01 CST 2026] 归档旧文件: 2025-04-17-learning.md
[Tue Jun 16 00:10:01 CST 2026] 归档旧文件: 2026-05-14.md
[Tue Jun 16 00:10:02 CST 2026] 归档旧文件: 2026-03-31.md
[Tue Jun 16 00:10:02 CST 2026] 归档旧文件: 2026-05-10.md
[Tue Jun 16 00:10:02 CST 2026] 夜间维护完成
[Tue Jun 16 13:25:02 CST 2026] 早间汇报完成
[Tue Jun 16 23:10:04 CST 2026] 归档旧文件: 2026-05-09-platform-switch.md
[Tue Jun 16 23:10:04 CST 2026] 归档旧文件: 2026-04-09.md
[Tue Jun 16 23:10:04 CST 2026] 归档旧文件: 2026-03-16-openclaw-control-ui.md
[Tue Jun 16 23:10:04 CST 2026] 归档旧文件: 2026-04-19.md
[Tue Jun 16 23:10:04 CST 2026] 归档旧文件: 2026-03-26.md
[Tue Jun 16 23:10:04 CST 2026] 归档旧文件: 2026-04-20-russian-culture.md
[Tue Jun 16 23:10:04 CST 2026] 归档旧文件: 2026-05-03.md
[Tue Jun 16 23:10:04 CST 2026] 归档旧文件: 2026-04-26-0117.md
[Tue Jun 16 23:10:04 CST 2026] 归档旧文件: 2026-05-13.md
[Tue Jun 16 23:10:04 CST 2026] 归档旧文件: 2026-04-29.md
[Tue Jun 16 23:10:04 CST 2026] 归档旧文件: 2026-05-02.md
[Tue Jun 16 23:10:04 CST 2026] 归档旧文件: 2026-05-12.md
[Tue Jun 16 23:10:04 CST 2026] 归档旧文件: 2026-04-28.md
[Tue Jun 16 23:10:04 CST 2026] 归档旧文件: 2026-04-08.md
[Tue Jun 16 23:10:04 CST 2026] 归档旧文件: 2026-05-06.md
[Tue Jun 16 23:10:04 CST 2026] 归档旧文件: 2026-04-18.md
[Tue Jun 16 23:10:04 CST 2026] 归档旧文件: 2026-04-03.md
[Tue Jun 16 23:10:04 CST 2026] 归档旧文件: 2026-03-16-http-401-authentication-error-.md
[Tue Jun 16 23:10:04 CST 2026] 归档旧文件: 2026-04-27.md
[Tue Jun 16 23:10:04 CST 2026] 归档旧文件: 2026-03-16-russian-language.md
[Tue Jun 16 23:10:04 CST 2026] 归档旧文件: 2026-04-13.md
[Tue Jun 16 23:10:04 CST 2026] 归档旧文件: 2026-05-09.md
[Tue Jun 16 23:10:04 CST 2026] 归档旧文件: 2026-04-07.md
[Tue Jun 16 23:10:04 CST 2026] 归档旧文件: 2026-03-28.md
[Tue Jun 16 23:10:04 CST 2026] 归档旧文件: 2026-03-17-russia-child-travel.md
[Tue Jun 16 23:10:04 CST 2026] 归档旧文件: 2026-04-17.md
[Tue Jun 16 23:10:04 CST 2026] 归档旧文件: 2026-04-23.md
[Tue Jun 16 23:10:04 CST 2026] 归档旧文件: 2026-04-06.md
[Tue Jun 16 23:10:04 CST 2026] 归档旧文件: 2026-04-13-russian.md
[Tue Jun 16 23:10:04 CST 2026] 归档旧文件: 2026-03-29.md
[Tue Jun 16 23:10:04 CST 2026] 归档旧文件: 2026-04-16.md
[Tue Jun 16 23:10:04 CST 2026] 归档旧文件: 2026-04-22.md
[Tue Jun 16 23:10:04 CST 2026] 归档旧文件: 2026-04-02.md
[Tue Jun 16 23:10:04 CST 2026] 归档旧文件: 2026-04-20-nightly.md
[Tue Jun 16 23:10:04 CST 2026] 归档旧文件: 2026-04-16-russian-study.md
[Tue Jun 16 23:10:04 CST 2026] 归档旧文件: 2026-04-26.md
[Tue Jun 16 23:10:04 CST 2026] 归档旧文件: 2026-04-12.md
[Tue Jun 16 23:10:04 CST 2026] 归档旧文件: 2026-04-05.md
[Tue Jun 16 23:10:04 CST 2026] 归档旧文件: 2026-04-14-1137.md
[Tue Jun 16 23:10:04 CST 2026] 归档旧文件: 2026-03-17-russian-version.md
[Tue Jun 16 23:10:04 CST 2026] 归档旧文件: 2026-04-15.md
[Tue Jun 16 23:10:04 CST 2026] 归档旧文件: 2026-04-21.md
[Tue Jun 16 23:10:04 CST 2026] 归档旧文件: 2026-03-16-vendor-inquiry.md
[Tue Jun 16 23:10:04 CST 2026] 归档旧文件: 2026-04-01.md
[Tue Jun 16 23:10:04 CST 2026] 归档旧文件: 2026-04-11.md
[Tue Jun 16 23:10:04 CST 2026] 归档旧文件: 2026-04-24.md
[Tue Jun 16 23:10:04 CST 2026] 归档旧文件: 2026-04-10.md
[Tue Jun 16 23:10:04 CST 2026] 归档旧文件: 2026-04-30.md
[Tue Jun 16 23:10:04 CST 2026] 归档旧文件: 2026-04-04.md
[Tue Jun 16 23:10:04 CST 2026] 归档旧文件: 2026-04-16-china-russia-exchange.md
[Tue Jun 16 23:10:04 CST 2026] 归档旧文件: 2026-04-14.md
[Tue Jun 16 23:10:04 CST 2026] 归档旧文件: 2026-04-15-russian.md
[Tue Jun 16 23:10:04 CST 2026] 归档旧文件: 2026-04-20.md
[Tue Jun 16 23:10:04 CST 2026] 归档旧文件: 2026-03-30.md
[Tue Jun 16 23:10:04 CST 2026] 归档旧文件: 2026-05-01.md
[Tue Jun 16 23:10:04 CST 2026] 归档旧文件: 2026-05-11.md
[Tue Jun 16 23:10:04 CST 2026] 归档旧文件: 2026-04-30-nightly.md
[Tue Jun 16 23:10:04 CST 2026] 归档旧文件: 2026-04-15-0215.md
[Tue Jun 16 23:10:04 CST 2026] 归档旧文件: 2026-03-31-russian.md
[Tue Jun 16 23:10:04 CST 2026] 归档旧文件: 2026-05-05.md
[Tue Jun 16 23:10:04 CST 2026] 归档旧文件: 2026-04-16-nightly.md
[Tue Jun 16 23:10:04 CST 2026] 归档旧文件: 2026-04-21-nightly.md
[Tue Jun 16 23:10:05 CST 2026] 归档旧文件: 2026-05-15.md
[Tue Jun 16 23:10:05 CST 2026] 归档旧文件: 2026-05-09-nightly.md
[Tue Jun 16 23:10:05 CST 2026] 归档旧文件: 2026-05-04.md
[Tue Jun 16 23:10:05 CST 2026] 归档旧文件: 2025-04-17-learning.md
[Tue Jun 16 23:10:05 CST 2026] 归档旧文件: 2026-05-14.md
[Tue Jun 16 23:10:05 CST 2026] 归档旧文件: 2026-03-31.md
[Tue Jun 16 23:10:05 CST 2026] 归档旧文件: 2026-05-10.md
[Tue Jun 16 23:10:05 CST 2026] 夜间维护完成
[Wed Jun 17 12:13:48 CST 2026] 早间汇报完成
[Thu Jun 18 10:03:25 CST 2026] 创建今日记忆文件: /Users/zhaozhiguo/.openclaw/workspace/memory/2026-06-18.md
[Thu Jun 18 10:03:26 CST 2026] 早间汇报完成
[Thu Jun 18 10:03:27 CST 2026] 创建明日学习任务: /Users/zhaozhiguo/.openclaw/workspace/memory/2026-06-19.md
[Thu Jun 18 10:03:27 CST 2026] 归档旧文件: 2026-05-09-platform-switch.md
[Thu Jun 18 10:03:27 CST 2026] 归档旧文件: 2026-04-09.md
[Thu Jun 18 10:03:27 CST 2026] 归档旧文件: 2026-03-16-openclaw-control-ui.md
[Thu Jun 18 10:03:27 CST 2026] 归档旧文件: 2026-04-19.md
[Thu Jun 18 10:03:27 CST 2026] 归档旧文件: 2026-03-26.md
[Thu Jun 18 10:03:27 CST 2026] 归档旧文件: 2026-04-20-russian-culture.md
[Thu Jun 18 10:03:27 CST 2026] 归档旧文件: 2026-05-03.md
[Thu Jun 18 10:03:27 CST 2026] 归档旧文件: 2026-04-26-0117.md
[Thu Jun 18 10:03:27 CST 2026] 归档旧文件: 2026-05-13.md
[Thu Jun 18 10:03:27 CST 2026] 归档旧文件: 2026-04-29.md
[Thu Jun 18 10:03:27 CST 2026] 归档旧文件: 2026-05-02.md
[Thu Jun 18 10:03:27 CST 2026] 归档旧文件: 2026-05-12.md
[Thu Jun 18 10:03:27 CST 2026] 归档旧文件: 2026-04-28.md
[Thu Jun 18 10:03:27 CST 2026] 归档旧文件: 2026-04-08.md
[Thu Jun 18 10:03:27 CST 2026] 归档旧文件: 2026-05-06.md
[Thu Jun 18 10:03:27 CST 2026] 归档旧文件: 2026-04-18.md
[Thu Jun 18 10:03:27 CST 2026] 归档旧文件: 2026-04-03.md
[Thu Jun 18 10:03:27 CST 2026] 归档旧文件: 2026-03-16-http-401-authentication-error-.md
[Thu Jun 18 10:03:27 CST 2026] 归档旧文件: 2026-04-27.md
[Thu Jun 18 10:03:27 CST 2026] 归档旧文件: 2026-03-16-russian-language.md
[Thu Jun 18 10:03:27 CST 2026] 归档旧文件: 2026-04-13.md
[Thu Jun 18 10:03:27 CST 2026] 归档旧文件: 2026-05-09.md
[Thu Jun 18 10:03:27 CST 2026] 归档旧文件: 2026-04-07.md
[Thu Jun 18 10:03:27 CST 2026] 归档旧文件: 2026-03-28.md
[Thu Jun 18 10:03:27 CST 2026] 归档旧文件: 2026-03-17-russia-child-travel.md
[Thu Jun 18 10:03:27 CST 2026] 归档旧文件: 2026-04-17.md
[Thu Jun 18 10:03:27 CST 2026] 归档旧文件: 2026-04-23.md
[Thu Jun 18 10:03:27 CST 2026] 归档旧文件: 2026-04-06.md
[Thu Jun 18 10:03:27 CST 2026] 归档旧文件: 2026-04-13-russian.md
[Thu Jun 18 10:03:27 CST 2026] 归档旧文件: 2026-03-29.md
[Thu Jun 18 10:03:27 CST 2026] 归档旧文件: 2026-04-16.md
[Thu Jun 18 10:03:27 CST 2026] 归档旧文件: 2026-04-22.md
[Thu Jun 18 10:03:27 CST 2026] 归档旧文件: 2026-04-02.md
[Thu Jun 18 10:03:27 CST 2026] 归档旧文件: 2026-04-20-nightly.md
[Thu Jun 18 10:03:28 CST 2026] 归档旧文件: 2026-04-16-russian-study.md
[Thu Jun 18 10:03:28 CST 2026] 归档旧文件: 2026-04-26.md
[Thu Jun 18 10:03:28 CST 2026] 归档旧文件: 2026-04-12.md
[Thu Jun 18 10:03:28 CST 2026] 归档旧文件: 2026-04-05.md
[Thu Jun 18 10:03:28 CST 2026] 归档旧文件: 2026-04-14-1137.md
[Thu Jun 18 10:03:28 CST 2026] 归档旧文件: 2026-03-17-russian-version.md
[Thu Jun 18 10:03:28 CST 2026] 归档旧文件: 2026-04-15.md
[Thu Jun 18 10:03:28 CST 2026] 归档旧文件: 2026-04-21.md
[Thu Jun 18 10:03:28 CST 2026] 归档旧文件: 2026-03-16-vendor-inquiry.md
[Thu Jun 18 10:03:28 CST 2026] 归档旧文件: 2026-04-01.md
[Thu Jun 18 10:03:28 CST 2026] 归档旧文件: 2026-04-11.md
[Thu Jun 18 10:03:28 CST 2026] 归档旧文件: 2026-04-24.md
[Thu Jun 18 10:03:28 CST 2026] 归档旧文件: 2026-04-10.md
[Thu Jun 18 10:03:28 CST 2026] 归档旧文件: 2026-04-30.md
[Thu Jun 18 10:03:28 CST 2026] 归档旧文件: 2026-04-04.md
[Thu Jun 18 10:03:28 CST 2026] 归档旧文件: 2026-04-16-china-russia-exchange.md
[Thu Jun 18 10:03:28 CST 2026] 归档旧文件: 2026-04-14.md
[Thu Jun 18 10:03:28 CST 2026] 归档旧文件: 2026-04-15-russian.md
[Thu Jun 18 10:03:28 CST 2026] 归档旧文件: 2026-04-20.md
[Thu Jun 18 10:03:28 CST 2026] 归档旧文件: 2026-03-30.md
[Thu Jun 18 10:03:28 CST 2026] 归档旧文件: 2026-05-01.md
[Thu Jun 18 10:03:28 CST 2026] 归档旧文件: 2026-05-11.md
[Thu Jun 18 10:03:28 CST 2026] 归档旧文件: 2026-04-30-nightly.md
[Thu Jun 18 10:03:28 CST 2026] 归档旧文件: 2026-04-15-0215.md
[Thu Jun 18 10:03:28 CST 2026] 归档旧文件: 2026-03-31-russian.md
[Thu Jun 18 10:03:28 CST 2026] 归档旧文件: 2026-05-05.md
[Thu Jun 18 10:03:28 CST 2026] 归档旧文件: 2026-04-16-nightly.md
[Thu Jun 18 10:03:28 CST 2026] 归档旧文件: 2026-04-21-nightly.md
[Thu Jun 18 10:03:28 CST 2026] 归档旧文件: 2026-05-15.md
[Thu Jun 18 10:03:28 CST 2026] 归档旧文件: 2026-05-09-nightly.md
[Thu Jun 18 10:03:28 CST 2026] 归档旧文件: 2026-05-04.md
[Thu Jun 18 10:03:28 CST 2026] 归档旧文件: 2025-04-17-learning.md
[Thu Jun 18 10:03:28 CST 2026] 归档旧文件: 2026-05-14.md
[Thu Jun 18 10:03:28 CST 2026] 归档旧文件: 2026-03-31.md
[Thu Jun 18 10:03:28 CST 2026] 归档旧文件: 2026-05-10.md
[Thu Jun 18 10:03:28 CST 2026] 夜间维护完成
[Fri Jun 19 23:00:00 CST 2026] 创建明日学习任务: /Users/zhaozhiguo/.openclaw/workspace/memory/2026-06-20.md
[Fri Jun 19 23:00:00 CST 2026] 归档旧文件: 2026-05-09-platform-switch.md
[Fri Jun 19 23:00:00 CST 2026] 归档旧文件: 2026-04-09.md
[Fri Jun 19 23:00:00 CST 2026] 归档旧文件: 2026-03-16-openclaw-control-ui.md
[Fri Jun 19 23:00:00 CST 2026] 归档旧文件: 2026-04-19.md
[Fri Jun 19 23:00:00 CST 2026] 归档旧文件: 2026-03-26.md
[Fri Jun 19 23:00:00 CST 2026] 归档旧文件: 2026-04-20-russian-culture.md
[Fri Jun 19 23:00:00 CST 2026] 归档旧文件: 2026-05-03.md
[Fri Jun 19 23:00:00 CST 2026] 归档旧文件: 2026-04-26-0117.md
[Fri Jun 19 23:00:00 CST 2026] 归档旧文件: 2026-05-13.md
[Fri Jun 19 23:00:00 CST 2026] 归档旧文件: 2026-04-29.md
[Fri Jun 19 23:00:00 CST 2026] 归档旧文件: 2026-05-02.md
[Fri Jun 19 23:00:00 CST 2026] 归档旧文件: 2026-05-12.md
[Fri Jun 19 23:00:00 CST 2026] 归档旧文件: 2026-04-28.md
[Fri Jun 19 23:00:00 CST 2026] 归档旧文件: 2026-04-08.md
[Fri Jun 19 23:00:00 CST 2026] 归档旧文件: 2026-05-06.md
[Fri Jun 19 23:00:00 CST 2026] 归档旧文件: 2026-04-18.md
[Fri Jun 19 23:00:01 CST 2026] 归档旧文件: 2026-04-03.md
[Fri Jun 19 23:00:01 CST 2026] 归档旧文件: 2026-03-16-http-401-authentication-error-.md
[Fri Jun 19 23:00:01 CST 2026] 归档旧文件: 2026-04-27.md
[Fri Jun 19 23:00:01 CST 2026] 归档旧文件: 2026-03-16-russian-language.md
[Fri Jun 19 23:00:01 CST 2026] 归档旧文件: 2026-04-13.md
[Fri Jun 19 23:00:01 CST 2026] 归档旧文件: 2026-05-09.md
[Fri Jun 19 23:00:01 CST 2026] 归档旧文件: 2026-04-07.md
[Fri Jun 19 23:00:01 CST 2026] 归档旧文件: 2026-03-28.md
[Fri Jun 19 23:00:01 CST 2026] 归档旧文件: 2026-03-17-russia-child-travel.md
[Fri Jun 19 23:00:01 CST 2026] 归档旧文件: 2026-04-17.md
[Fri Jun 19 23:00:01 CST 2026] 归档旧文件: 2026-04-23.md
[Fri Jun 19 23:00:01 CST 2026] 归档旧文件: 2026-04-06.md
[Fri Jun 19 23:00:01 CST 2026] 归档旧文件: 2026-04-13-russian.md
[Fri Jun 19 23:00:01 CST 2026] 归档旧文件: 2026-03-29.md
[Fri Jun 19 23:00:01 CST 2026] 归档旧文件: 2026-04-16.md
[Fri Jun 19 23:00:01 CST 2026] 归档旧文件: 2026-04-22.md
[Fri Jun 19 23:00:01 CST 2026] 归档旧文件: 2026-04-02.md
[Fri Jun 19 23:00:01 CST 2026] 归档旧文件: 2026-04-20-nightly.md
[Fri Jun 19 23:00:01 CST 2026] 归档旧文件: 2026-04-16-russian-study.md
[Fri Jun 19 23:00:01 CST 2026] 归档旧文件: 2026-04-26.md
[Fri Jun 19 23:00:01 CST 2026] 归档旧文件: 2026-04-12.md
[Fri Jun 19 23:00:01 CST 2026] 归档旧文件: 2026-04-05.md
[Fri Jun 19 23:00:01 CST 2026] 归档旧文件: 2026-04-14-1137.md
[Fri Jun 19 23:00:01 CST 2026] 归档旧文件: 2026-03-17-russian-version.md
[Fri Jun 19 23:00:01 CST 2026] 归档旧文件: 2026-04-15.md
[Fri Jun 19 23:00:01 CST 2026] 归档旧文件: 2026-04-21.md
[Fri Jun 19 23:00:01 CST 2026] 归档旧文件: 2026-03-16-vendor-inquiry.md
[Fri Jun 19 23:00:01 CST 2026] 归档旧文件: 2026-04-01.md
[Fri Jun 19 23:00:01 CST 2026] 归档旧文件: 2026-04-11.md
[Fri Jun 19 23:00:01 CST 2026] 归档旧文件: 2026-04-24.md
[Fri Jun 19 23:00:01 CST 2026] 归档旧文件: 2026-04-10.md
[Fri Jun 19 23:00:01 CST 2026] 归档旧文件: 2026-04-30.md
[Fri Jun 19 23:00:01 CST 2026] 归档旧文件: 2026-04-04.md
[Fri Jun 19 23:00:01 CST 2026] 归档旧文件: 2026-04-16-china-russia-exchange.md
[Fri Jun 19 23:00:01 CST 2026] 归档旧文件: 2026-04-14.md
[Fri Jun 19 23:00:01 CST 2026] 归档旧文件: 2026-04-15-russian.md
[Fri Jun 19 23:00:01 CST 2026] 归档旧文件: 2026-04-20.md
[Fri Jun 19 23:00:01 CST 2026] 归档旧文件: 2026-03-30.md
[Fri Jun 19 23:00:01 CST 2026] 归档旧文件: 2026-05-01.md
[Fri Jun 19 23:00:01 CST 2026] 归档旧文件: 2026-05-11.md
[Fri Jun 19 23:00:01 CST 2026] 归档旧文件: 2026-04-30-nightly.md
[Fri Jun 19 23:00:01 CST 2026] 归档旧文件: 2026-04-15-0215.md
[Fri Jun 19 23:00:01 CST 2026] 归档旧文件: 2026-03-31-russian.md
[Fri Jun 19 23:00:01 CST 2026] 归档旧文件: 2026-05-05.md
[Fri Jun 19 23:00:01 CST 2026] 归档旧文件: 2026-04-16-nightly.md
[Fri Jun 19 23:00:01 CST 2026] 归档旧文件: 2026-04-21-nightly.md
[Fri Jun 19 23:00:01 CST 2026] 归档旧文件: 2026-05-15.md
[Fri Jun 19 23:00:01 CST 2026] 归档旧文件: 2026-05-09-nightly.md
[Fri Jun 19 23:00:01 CST 2026] 归档旧文件: 2026-05-04.md
[Fri Jun 19 23:00:01 CST 2026] 归档旧文件: 2025-04-17-learning.md
[Fri Jun 19 23:00:01 CST 2026] 归档旧文件: 2026-05-14.md
[Fri Jun 19 23:00:01 CST 2026] 归档旧文件: 2026-03-31.md
[Fri Jun 19 23:00:01 CST 2026] 归档旧文件: 2026-05-10.md
[Fri Jun 19 23:00:01 CST 2026] 夜间维护完成
[Sat Jun 20 08:00:04 CST 2026] 早间汇报完成
[Sat Jun 20 23:00:05 CST 2026] 创建明日学习任务: /Users/zhaozhiguo/.openclaw/workspace/memory/2026-06-21.md
[Sat Jun 20 23:00:05 CST 2026] 归档旧文件: 2026-05-09-platform-switch.md
[Sat Jun 20 23:00:05 CST 2026] 归档旧文件: 2026-04-09.md
[Sat Jun 20 23:00:05 CST 2026] 归档旧文件: 2026-03-16-openclaw-control-ui.md
[Sat Jun 20 23:00:05 CST 2026] 归档旧文件: 2026-04-19.md
[Sat Jun 20 23:00:05 CST 2026] 归档旧文件: 2026-03-26.md
[Sat Jun 20 23:00:05 CST 2026] 归档旧文件: 2026-04-20-russian-culture.md
[Sat Jun 20 23:00:05 CST 2026] 归档旧文件: 2026-05-03.md
[Sat Jun 20 23:00:05 CST 2026] 归档旧文件: 2026-04-26-0117.md
[Sat Jun 20 23:00:05 CST 2026] 归档旧文件: 2026-05-13.md
[Sat Jun 20 23:00:05 CST 2026] 归档旧文件: 2026-04-29.md
[Sat Jun 20 23:00:05 CST 2026] 归档旧文件: 2026-05-02.md
[Sat Jun 20 23:00:05 CST 2026] 归档旧文件: 2026-05-12.md
[Sat Jun 20 23:00:05 CST 2026] 归档旧文件: 2026-04-28.md
[Sat Jun 20 23:00:05 CST 2026] 归档旧文件: 2026-04-08.md
[Sat Jun 20 23:00:05 CST 2026] 归档旧文件: 2026-05-06.md
[Sat Jun 20 23:00:05 CST 2026] 归档旧文件: 2026-04-18.md
[Sat Jun 20 23:00:05 CST 2026] 归档旧文件: 2026-04-03.md
[Sat Jun 20 23:00:05 CST 2026] 归档旧文件: 2026-03-16-http-401-authentication-error-.md
[Sat Jun 20 23:00:05 CST 2026] 归档旧文件: 2026-04-27.md
[Sat Jun 20 23:00:05 CST 2026] 归档旧文件: 2026-03-16-russian-language.md
[Sat Jun 20 23:00:05 CST 2026] 归档旧文件: 2026-04-13.md
[Sat Jun 20 23:00:05 CST 2026] 归档旧文件: 2026-05-09.md
[Sat Jun 20 23:00:05 CST 2026] 归档旧文件: 2026-04-07.md
[Sat Jun 20 23:00:05 CST 2026] 归档旧文件: 2026-03-28.md
[Sat Jun 20 23:00:05 CST 2026] 归档旧文件: 2026-03-17-russia-child-travel.md
[Sat Jun 20 23:00:05 CST 2026] 归档旧文件: 2026-04-17.md
[Sat Jun 20 23:00:05 CST 2026] 归档旧文件: 2026-04-23.md
[Sat Jun 20 23:00:05 CST 2026] 归档旧文件: 2026-04-06.md
[Sat Jun 20 23:00:05 CST 2026] 归档旧文件: 2026-04-13-russian.md
[Sat Jun 20 23:00:05 CST 2026] 归档旧文件: 2026-03-29.md
[Sat Jun 20 23:00:05 CST 2026] 归档旧文件: 2026-04-16.md
[Sat Jun 20 23:00:05 CST 2026] 归档旧文件: 2026-04-22.md
[Sat Jun 20 23:00:05 CST 2026] 归档旧文件: 2026-04-02.md
[Sat Jun 20 23:00:05 CST 2026] 归档旧文件: 2026-04-20-nightly.md
[Sat Jun 20 23:00:05 CST 2026] 归档旧文件: 2026-04-16-russian-study.md
[Sat Jun 20 23:00:05 CST 2026] 归档旧文件: 2026-04-26.md
[Sat Jun 20 23:00:05 CST 2026] 归档旧文件: 2026-04-12.md
[Sat Jun 20 23:00:05 CST 2026] 归档旧文件: 2026-04-05.md
[Sat Jun 20 23:00:05 CST 2026] 归档旧文件: 2026-04-14-1137.md
[Sat Jun 20 23:00:05 CST 2026] 归档旧文件: 2026-03-17-russian-version.md
[Sat Jun 20 23:00:05 CST 2026] 归档旧文件: 2026-04-15.md
[Sat Jun 20 23:00:05 CST 2026] 归档旧文件: 2026-04-21.md
[Sat Jun 20 23:00:05 CST 2026] 归档旧文件: 2026-03-16-vendor-inquiry.md
[Sat Jun 20 23:00:05 CST 2026] 归档旧文件: 2026-04-01.md
[Sat Jun 20 23:00:05 CST 2026] 归档旧文件: 2026-04-11.md
[Sat Jun 20 23:00:05 CST 2026] 归档旧文件: 2026-04-24.md
[Sat Jun 20 23:00:05 CST 2026] 归档旧文件: 2026-04-10.md
[Sat Jun 20 23:00:05 CST 2026] 归档旧文件: 2026-04-30.md
[Sat Jun 20 23:00:05 CST 2026] 归档旧文件: 2026-04-04.md
[Sat Jun 20 23:00:05 CST 2026] 归档旧文件: 2026-04-16-china-russia-exchange.md
[Sat Jun 20 23:00:05 CST 2026] 归档旧文件: 2026-04-14.md
[Sat Jun 20 23:00:05 CST 2026] 归档旧文件: 2026-04-15-russian.md
[Sat Jun 20 23:00:05 CST 2026] 归档旧文件: 2026-04-20.md
[Sat Jun 20 23:00:05 CST 2026] 归档旧文件: 2026-03-30.md
[Sat Jun 20 23:00:05 CST 2026] 归档旧文件: 2026-05-01.md
[Sat Jun 20 23:00:05 CST 2026] 归档旧文件: 2026-05-11.md
[Sat Jun 20 23:00:05 CST 2026] 归档旧文件: 2026-04-30-nightly.md
[Sat Jun 20 23:00:05 CST 2026] 归档旧文件: 2026-04-15-0215.md
[Sat Jun 20 23:00:05 CST 2026] 归档旧文件: 2026-03-31-russian.md
[Sat Jun 20 23:00:05 CST 2026] 归档旧文件: 2026-05-05.md
[Sat Jun 20 23:00:05 CST 2026] 归档旧文件: 2026-04-16-nightly.md
[Sat Jun 20 23:00:05 CST 2026] 归档旧文件: 2026-04-21-nightly.md
[Sat Jun 20 23:00:05 CST 2026] 归档旧文件: 2026-05-15.md
[Sat Jun 20 23:00:05 CST 2026] 归档旧文件: 2026-05-09-nightly.md
[Sat Jun 20 23:00:06 CST 2026] 归档旧文件: 2026-05-04.md
[Sat Jun 20 23:00:06 CST 2026] 归档旧文件: 2025-04-17-learning.md
[Sat Jun 20 23:00:06 CST 2026] 归档旧文件: 2026-05-14.md
[Sat Jun 20 23:00:06 CST 2026] 归档旧文件: 2026-03-31.md
[Sat Jun 20 23:00:06 CST 2026] 归档旧文件: 2026-05-10.md
[Sat Jun 20 23:00:06 CST 2026] 夜间维护完成
[Tue Jun 23 23:00:59 CST 2026] 创建今日记忆文件: /Users/zhaozhiguo/.openclaw/workspace/memory/2026-06-23.md
[Tue Jun 23 23:01:00 CST 2026] 创建明日学习任务: /Users/zhaozhiguo/.openclaw/workspace/memory/2026-06-24.md
[Tue Jun 23 23:01:01 CST 2026] 归档旧文件: 2026-05-09-platform-switch.md
[Tue Jun 23 23:01:01 CST 2026] 归档旧文件: 2026-04-09.md
[Tue Jun 23 23:01:01 CST 2026] 归档旧文件: 2026-03-16-openclaw-control-ui.md
[Tue Jun 23 23:01:01 CST 2026] 归档旧文件: 2026-04-19.md
[Tue Jun 23 23:01:01 CST 2026] 归档旧文件: 2026-03-26.md
[Tue Jun 23 23:01:01 CST 2026] 归档旧文件: 2026-04-20-russian-culture.md
[Tue Jun 23 23:01:01 CST 2026] 归档旧文件: 2026-05-03.md
[Tue Jun 23 23:01:01 CST 2026] 归档旧文件: 2026-04-26-0117.md
[Tue Jun 23 23:01:01 CST 2026] 归档旧文件: 2026-05-13.md
[Tue Jun 23 23:01:01 CST 2026] 归档旧文件: 2026-04-29.md
[Tue Jun 23 23:01:01 CST 2026] 归档旧文件: 2026-05-02.md
[Tue Jun 23 23:01:01 CST 2026] 归档旧文件: 2026-05-12.md
[Tue Jun 23 23:01:01 CST 2026] 归档旧文件: 2026-04-28.md
[Tue Jun 23 23:01:01 CST 2026] 归档旧文件: 2026-04-08.md
[Tue Jun 23 23:01:01 CST 2026] 归档旧文件: 2026-05-06.md
[Tue Jun 23 23:01:01 CST 2026] 归档旧文件: 2026-04-18.md
[Tue Jun 23 23:01:01 CST 2026] 归档旧文件: 2026-04-03.md
[Tue Jun 23 23:01:01 CST 2026] 归档旧文件: 2026-03-16-http-401-authentication-error-.md
[Tue Jun 23 23:01:01 CST 2026] 归档旧文件: 2026-04-27.md
[Tue Jun 23 23:01:01 CST 2026] 归档旧文件: 2026-03-16-russian-language.md
[Tue Jun 23 23:01:01 CST 2026] 归档旧文件: 2026-04-13.md
[Tue Jun 23 23:01:01 CST 2026] 归档旧文件: 2026-05-09.md
[Tue Jun 23 23:01:01 CST 2026] 归档旧文件: 2026-04-07.md
[Tue Jun 23 23:01:01 CST 2026] 归档旧文件: 2026-03-28.md
[Tue Jun 23 23:01:01 CST 2026] 归档旧文件: 2026-03-17-russia-child-travel.md
[Tue Jun 23 23:01:01 CST 2026] 归档旧文件: 2026-04-17.md
[Tue Jun 23 23:01:01 CST 2026] 归档旧文件: 2026-04-23.md
[Tue Jun 23 23:01:01 CST 2026] 归档旧文件: 2026-04-06.md
[Tue Jun 23 23:01:01 CST 2026] 归档旧文件: 2026-04-13-russian.md
[Tue Jun 23 23:01:01 CST 2026] 归档旧文件: 2026-03-29.md
[Tue Jun 23 23:01:01 CST 2026] 归档旧文件: 2026-04-16.md
[Tue Jun 23 23:01:01 CST 2026] 归档旧文件: 2026-04-22.md
[Tue Jun 23 23:01:01 CST 2026] 归档旧文件: 2026-04-02.md
[Tue Jun 23 23:01:01 CST 2026] 归档旧文件: 2026-04-20-nightly.md
[Tue Jun 23 23:01:01 CST 2026] 归档旧文件: 2026-04-16-russian-study.md
[Tue Jun 23 23:01:01 CST 2026] 归档旧文件: 2026-04-26.md
[Tue Jun 23 23:01:01 CST 2026] 归档旧文件: 2026-04-12.md
[Tue Jun 23 23:01:01 CST 2026] 归档旧文件: 2026-04-05.md
[Tue Jun 23 23:01:01 CST 2026] 归档旧文件: 2026-04-14-1137.md
[Tue Jun 23 23:01:01 CST 2026] 归档旧文件: 2026-03-17-russian-version.md
[Tue Jun 23 23:01:01 CST 2026] 归档旧文件: 2026-04-15.md
[Tue Jun 23 23:01:01 CST 2026] 归档旧文件: 2026-04-21.md
[Tue Jun 23 23:01:01 CST 2026] 归档旧文件: 2026-03-16-vendor-inquiry.md
[Tue Jun 23 23:01:01 CST 2026] 归档旧文件: 2026-04-01.md
[Tue Jun 23 23:01:01 CST 2026] 归档旧文件: 2026-04-11.md
[Tue Jun 23 23:01:01 CST 2026] 归档旧文件: 2026-04-24.md
[Tue Jun 23 23:01:01 CST 2026] 归档旧文件: 2026-04-10.md
[Tue Jun 23 23:01:01 CST 2026] 归档旧文件: 2026-04-30.md
[Tue Jun 23 23:01:01 CST 2026] 归档旧文件: 2026-04-04.md
[Tue Jun 23 23:01:01 CST 2026] 归档旧文件: 2026-04-16-china-russia-exchange.md
[Tue Jun 23 23:01:01 CST 2026] 归档旧文件: 2026-04-14.md
[Tue Jun 23 23:01:01 CST 2026] 归档旧文件: 2026-04-15-russian.md
[Tue Jun 23 23:01:01 CST 2026] 归档旧文件: 2026-04-20.md
[Tue Jun 23 23:01:01 CST 2026] 归档旧文件: 2026-03-30.md
[Tue Jun 23 23:01:01 CST 2026] 归档旧文件: 2026-05-01.md
[Tue Jun 23 23:01:01 CST 2026] 归档旧文件: 2026-05-11.md
[Tue Jun 23 23:01:01 CST 2026] 归档旧文件: 2026-04-30-nightly.md
[Tue Jun 23 23:01:01 CST 2026] 归档旧文件: 2026-04-15-0215.md
[Tue Jun 23 23:01:01 CST 2026] 归档旧文件: 2026-03-31-russian.md
[Tue Jun 23 23:01:01 CST 2026] 归档旧文件: 2026-05-05.md
[Tue Jun 23 23:01:01 CST 2026] 归档旧文件: 2026-04-16-nightly.md
[Tue Jun 23 23:01:01 CST 2026] 归档旧文件: 2026-04-21-nightly.md
[Tue Jun 23 23:01:02 CST 2026] 归档旧文件: 2026-05-15.md
[Tue Jun 23 23:01:02 CST 2026] 归档旧文件: 2026-05-09-nightly.md
[Tue Jun 23 23:01:02 CST 2026] 归档旧文件: 2026-05-04.md
[Tue Jun 23 23:01:02 CST 2026] 归档旧文件: 2025-04-17-learning.md
[Tue Jun 23 23:01:02 CST 2026] 归档旧文件: 2026-05-14.md
[Tue Jun 23 23:01:02 CST 2026] 归档旧文件: 2026-03-31.md
[Tue Jun 23 23:01:02 CST 2026] 归档旧文件: 2026-05-10.md
[Tue Jun 23 23:01:02 CST 2026] 夜间维护完成
[Wed Jun 24 08:01:58 CST 2026] 早间汇报完成
[Thu Jun 25 23:36:41 CST 2026] 创建今日记忆文件: /Users/zhaozhiguo/.openclaw/workspace/memory/2026-06-25.md
[Thu Jun 25 23:36:47 CST 2026] 创建明日学习任务: /Users/zhaozhiguo/.openclaw/workspace/memory/2026-06-26.md
[Thu Jun 25 23:36:47 CST 2026] 归档旧文件: 2026-05-09-platform-switch.md
[Thu Jun 25 23:36:48 CST 2026] 归档旧文件: 2026-04-09.md
[Thu Jun 25 23:36:48 CST 2026] 归档旧文件: 2026-03-16-openclaw-control-ui.md
[Thu Jun 25 23:36:48 CST 2026] 归档旧文件: 2026-04-19.md
[Thu Jun 25 23:36:48 CST 2026] 归档旧文件: 2026-03-26.md
[Thu Jun 25 23:36:49 CST 2026] 归档旧文件: 2026-04-20-russian-culture.md
[Thu Jun 25 23:36:49 CST 2026] 归档旧文件: 2026-05-03.md
[Thu Jun 25 23:36:49 CST 2026] 归档旧文件: 2026-04-26-0117.md
[Thu Jun 25 23:36:50 CST 2026] 归档旧文件: 2026-05-13.md
[Thu Jun 25 23:36:50 CST 2026] 归档旧文件: 2026-04-29.md
[Thu Jun 25 23:36:50 CST 2026] 归档旧文件: 2026-05-02.md
[Thu Jun 25 23:36:50 CST 2026] 归档旧文件: 2026-05-12.md
[Thu Jun 25 23:36:50 CST 2026] 归档旧文件: 2026-04-28.md
[Thu Jun 25 23:36:50 CST 2026] 归档旧文件: 2026-04-08.md
[Thu Jun 25 23:36:50 CST 2026] 归档旧文件: 2026-05-06.md
[Thu Jun 25 23:36:50 CST 2026] 归档旧文件: 2026-04-18.md
[Thu Jun 25 23:36:51 CST 2026] 归档旧文件: 2026-04-03.md
[Thu Jun 25 23:36:51 CST 2026] 归档旧文件: 2026-03-16-http-401-authentication-error-.md
[Thu Jun 25 23:36:51 CST 2026] 归档旧文件: 2026-04-27.md
[Thu Jun 25 23:36:51 CST 2026] 归档旧文件: 2026-03-16-russian-language.md
[Thu Jun 25 23:36:51 CST 2026] 归档旧文件: 2026-04-13.md
[Thu Jun 25 23:36:52 CST 2026] 归档旧文件: 2026-05-09.md
[Thu Jun 25 23:36:52 CST 2026] 归档旧文件: 2026-04-07.md
[Thu Jun 25 23:36:52 CST 2026] 归档旧文件: 2026-03-28.md
[Thu Jun 25 23:36:53 CST 2026] 归档旧文件: 2026-03-17-russia-child-travel.md
[Thu Jun 25 23:36:53 CST 2026] 归档旧文件: 2026-04-17.md
[Thu Jun 25 23:36:53 CST 2026] 归档旧文件: 2026-04-23.md
[Thu Jun 25 23:36:53 CST 2026] 归档旧文件: 2026-04-06.md
[Thu Jun 25 23:36:53 CST 2026] 归档旧文件: 2026-04-13-russian.md
[Thu Jun 25 23:36:53 CST 2026] 归档旧文件: 2026-03-29.md
[Thu Jun 25 23:36:54 CST 2026] 归档旧文件: 2026-04-16.md
[Thu Jun 25 23:36:54 CST 2026] 归档旧文件: 2026-04-22.md
[Thu Jun 25 23:36:54 CST 2026] 归档旧文件: 2026-04-02.md
[Thu Jun 25 23:36:54 CST 2026] 归档旧文件: 2026-04-20-nightly.md
[Thu Jun 25 23:36:54 CST 2026] 归档旧文件: 2026-04-16-russian-study.md
[Thu Jun 25 23:36:55 CST 2026] 归档旧文件: 2026-04-26.md
[Thu Jun 25 23:36:55 CST 2026] 归档旧文件: 2026-04-12.md
[Thu Jun 25 23:36:55 CST 2026] 归档旧文件: 2026-04-05.md
[Thu Jun 25 23:36:55 CST 2026] 归档旧文件: 2026-04-14-1137.md
[Thu Jun 25 23:36:55 CST 2026] 归档旧文件: 2026-03-17-russian-version.md
[Thu Jun 25 23:36:55 CST 2026] 归档旧文件: 2026-04-15.md
[Thu Jun 25 23:36:55 CST 2026] 归档旧文件: 2026-04-21.md
[Thu Jun 25 23:36:56 CST 2026] 归档旧文件: 2026-03-16-vendor-inquiry.md
[Thu Jun 25 23:36:56 CST 2026] 归档旧文件: 2026-04-01.md
[Thu Jun 25 23:36:56 CST 2026] 归档旧文件: 2026-04-11.md
[Thu Jun 25 23:36:56 CST 2026] 归档旧文件: 2026-04-24.md
[Thu Jun 25 23:36:56 CST 2026] 归档旧文件: 2026-04-10.md
[Thu Jun 25 23:36:56 CST 2026] 归档旧文件: 2026-04-30.md
[Thu Jun 25 23:36:56 CST 2026] 归档旧文件: 2026-04-04.md
[Thu Jun 25 23:36:57 CST 2026] 归档旧文件: 2026-04-16-china-russia-exchange.md
[Thu Jun 25 23:36:57 CST 2026] 归档旧文件: 2026-04-14.md
[Thu Jun 25 23:36:57 CST 2026] 归档旧文件: 2026-04-15-russian.md
[Thu Jun 25 23:36:57 CST 2026] 归档旧文件: 2026-04-20.md
[Thu Jun 25 23:36:57 CST 2026] 归档旧文件: 2026-03-30.md
[Thu Jun 25 23:36:57 CST 2026] 归档旧文件: 2026-05-01.md
[Thu Jun 25 23:36:58 CST 2026] 归档旧文件: 2026-05-11.md
[Thu Jun 25 23:36:58 CST 2026] 归档旧文件: 2026-04-30-nightly.md
[Thu Jun 25 23:36:58 CST 2026] 归档旧文件: 2026-04-15-0215.md
[Thu Jun 25 23:36:58 CST 2026] 归档旧文件: 2026-03-31-russian.md
[Thu Jun 25 23:36:58 CST 2026] 归档旧文件: 2026-05-05.md
[Thu Jun 25 23:36:59 CST 2026] 归档旧文件: 2026-04-16-nightly.md
[Thu Jun 25 23:36:59 CST 2026] 归档旧文件: 2026-04-21-nightly.md
[Thu Jun 25 23:36:59 CST 2026] 归档旧文件: 2026-05-15.md
[Thu Jun 25 23:36:59 CST 2026] 归档旧文件: 2026-05-09-nightly.md
[Thu Jun 25 23:36:59 CST 2026] 归档旧文件: 2026-05-04.md
[Thu Jun 25 23:36:59 CST 2026] 归档旧文件: 2025-04-17-learning.md
[Thu Jun 25 23:36:59 CST 2026] 归档旧文件: 2026-05-14.md
[Thu Jun 25 23:37:00 CST 2026] 归档旧文件: 2026-03-31.md
[Thu Jun 25 23:37:00 CST 2026] 归档旧文件: 2026-05-10.md
[Thu Jun 25 23:37:01 CST 2026] 夜间维护完成
[Fri Jun 26 08:00:05 CST 2026] 早间汇报完成
[Mon Jul  6 23:00:06 CST 2026] 创建明日学习任务: /Users/zhaozhiguo/.openclaw/workspace/memory/2026-07-07.md
[Mon Jul  6 23:00:06 CST 2026] 归档旧文件: 2026-06-02.md
[Mon Jul  6 23:00:06 CST 2026] 归档旧文件: 2026-05-31.md
[Mon Jul  6 23:00:06 CST 2026] 归档旧文件: 2026-05-09-platform-switch.md
[Mon Jul  6 23:00:06 CST 2026] 归档旧文件: 2026-04-09.md
[Mon Jul  6 23:00:06 CST 2026] 归档旧文件: 2026-03-16-openclaw-control-ui.md
[Mon Jul  6 23:00:06 CST 2026] 归档旧文件: 2026-04-19.md
[Mon Jul  6 23:00:06 CST 2026] 归档旧文件: 2026-03-26.md
[Mon Jul  6 23:00:06 CST 2026] 归档旧文件: 2026-04-20-russian-culture.md
[Mon Jul  6 23:00:06 CST 2026] 归档旧文件: 2026-05-03.md
[Mon Jul  6 23:00:06 CST 2026] 归档旧文件: 2026-04-26-0117.md
[Mon Jul  6 23:00:06 CST 2026] 归档旧文件: 2026-05-13.md
[Mon Jul  6 23:00:06 CST 2026] 归档旧文件: 2026-04-29.md
[Mon Jul  6 23:00:06 CST 2026] 归档旧文件: 2026-05-02.md
[Mon Jul  6 23:00:06 CST 2026] 归档旧文件: 2026-05-12.md
[Mon Jul  6 23:00:06 CST 2026] 归档旧文件: 2026-04-28.md
[Mon Jul  6 23:00:06 CST 2026] 归档旧文件: 2026-04-08.md
[Mon Jul  6 23:00:06 CST 2026] 归档旧文件: 2026-05-06.md
[Mon Jul  6 23:00:06 CST 2026] 归档旧文件: 2026-04-18.md
[Mon Jul  6 23:00:06 CST 2026] 归档旧文件: 2026-04-03.md
[Mon Jul  6 23:00:06 CST 2026] 归档旧文件: 2026-03-16-http-401-authentication-error-.md
[Mon Jul  6 23:00:06 CST 2026] 归档旧文件: 2026-04-27.md
[Mon Jul  6 23:00:06 CST 2026] 归档旧文件: 2026-03-16-russian-language.md
[Mon Jul  6 23:00:06 CST 2026] 归档旧文件: 2026-04-13.md
[Mon Jul  6 23:00:06 CST 2026] 归档旧文件: 2026-05-09.md
[Mon Jul  6 23:00:06 CST 2026] 归档旧文件: 2026-04-07.md
[Mon Jul  6 23:00:07 CST 2026] 归档旧文件: 2026-03-28.md
[Mon Jul  6 23:00:07 CST 2026] 归档旧文件: 2026-03-17-russia-child-travel.md
[Mon Jul  6 23:00:07 CST 2026] 归档旧文件: 2026-04-17.md
[Mon Jul  6 23:00:07 CST 2026] 归档旧文件: 2026-04-23.md
[Mon Jul  6 23:00:07 CST 2026] 归档旧文件: 2026-04-06.md
[Mon Jul  6 23:00:07 CST 2026] 归档旧文件: 2026-04-13-russian.md
[Mon Jul  6 23:00:07 CST 2026] 归档旧文件: 2026-03-29.md
[Mon Jul  6 23:00:07 CST 2026] 归档旧文件: 2026-04-16.md
[Mon Jul  6 23:00:07 CST 2026] 归档旧文件: 2026-04-22.md
[Mon Jul  6 23:00:07 CST 2026] 归档旧文件: 2026-04-02.md
[Mon Jul  6 23:00:07 CST 2026] 归档旧文件: 2026-04-20-nightly.md
[Mon Jul  6 23:00:07 CST 2026] 归档旧文件: 2026-04-16-russian-study.md
[Mon Jul  6 23:00:07 CST 2026] 归档旧文件: 2026-04-26.md
[Mon Jul  6 23:00:07 CST 2026] 归档旧文件: 2026-04-12.md
[Mon Jul  6 23:00:07 CST 2026] 归档旧文件: 2026-04-05.md
[Mon Jul  6 23:00:07 CST 2026] 归档旧文件: 2026-04-14-1137.md
[Mon Jul  6 23:00:07 CST 2026] 归档旧文件: 2026-03-17-russian-version.md
[Mon Jul  6 23:00:07 CST 2026] 归档旧文件: 2026-04-15.md
[Mon Jul  6 23:00:07 CST 2026] 归档旧文件: 2026-04-21.md
[Mon Jul  6 23:00:07 CST 2026] 归档旧文件: 2026-03-16-vendor-inquiry.md
[Mon Jul  6 23:00:07 CST 2026] 归档旧文件: 2026-04-01.md
[Mon Jul  6 23:00:07 CST 2026] 归档旧文件: 2026-04-11.md
[Mon Jul  6 23:00:07 CST 2026] 归档旧文件: 2026-04-24.md
[Mon Jul  6 23:00:07 CST 2026] 归档旧文件: 2026-04-10.md
[Mon Jul  6 23:00:07 CST 2026] 归档旧文件: 2026-04-30.md
[Mon Jul  6 23:00:07 CST 2026] 归档旧文件: 2026-04-04.md
[Mon Jul  6 23:00:07 CST 2026] 归档旧文件: 2026-04-16-china-russia-exchange.md
[Mon Jul  6 23:00:07 CST 2026] 归档旧文件: 2026-04-14.md
[Mon Jul  6 23:00:07 CST 2026] 归档旧文件: 2026-04-15-russian.md
[Mon Jul  6 23:00:07 CST 2026] 归档旧文件: 2026-04-20.md
[Mon Jul  6 23:00:07 CST 2026] 归档旧文件: 2026-03-30.md
[Mon Jul  6 23:00:07 CST 2026] 归档旧文件: 2026-05-01.md
[Mon Jul  6 23:00:07 CST 2026] 归档旧文件: 2026-05-11.md
[Mon Jul  6 23:00:07 CST 2026] 归档旧文件: 2026-04-30-nightly.md
[Mon Jul  6 23:00:07 CST 2026] 归档旧文件: 2026-04-15-0215.md
[Mon Jul  6 23:00:07 CST 2026] 归档旧文件: 2026-03-31-russian.md
[Mon Jul  6 23:00:07 CST 2026] 归档旧文件: 2026-05-05.md
[Mon Jul  6 23:00:08 CST 2026] 归档旧文件: 2026-04-16-nightly.md
[Mon Jul  6 23:00:08 CST 2026] 归档旧文件: 2026-04-21-nightly.md
[Mon Jul  6 23:00:08 CST 2026] 归档旧文件: 2026-05-15.md
[Mon Jul  6 23:00:08 CST 2026] 归档旧文件: 2026-05-09-nightly.md
[Mon Jul  6 23:00:08 CST 2026] 归档旧文件: 2026-05-04.md
[Mon Jul  6 23:00:08 CST 2026] 归档旧文件: 2025-04-17-learning.md
[Mon Jul  6 23:00:08 CST 2026] 归档旧文件: 2026-05-14.md
[Mon Jul  6 23:00:08 CST 2026] 归档旧文件: 2026-03-31.md
[Mon Jul  6 23:00:08 CST 2026] 归档旧文件: 2026-05-10.md
[Mon Jul  6 23:00:08 CST 2026] 归档旧文件: 2026-06-03.md
[Mon Jul  6 23:00:08 CST 2026] 归档旧文件: 2026-06-02.md
[Mon Jul  6 23:00:08 CST 2026] 归档旧文件: 2026-06-01.md
[Mon Jul  6 23:00:08 CST 2026] 归档旧文件: 2026-05-31.md
[Mon Jul  6 23:00:08 CST 2026] 夜间维护完成
