=== 夜间维护开始 Sun Mar 29 23:00:00 CST 2026 ===
[1/5] 系统健康检查...
[2/5] 安全检查...
[3/5] 记忆整理...
发现昨日记忆文件: 2026-03-28.md
[4/5] 学习更新...
[5/5] 生成报告...
=== 夜间维护完成 Sun Mar 29 23:00:00 CST 2026 ===
报告已保存: /Users/zhaozhiguo/.openclaw/workspace/memory/nightly-reports/2026-03-29.md
=== 夜间维护开始 Mon Mar 30 23:00:00 CST 2026 ===
[1/5] 系统健康检查...
[2/5] 安全检查...
[3/5] 记忆整理...
发现昨日记忆文件: 2026-03-29.md
[4/5] 学习更新...
[5/5] 生成报告...
=== 夜间维护完成 Mon Mar 30 23:00:00 CST 2026 ===
报告已保存: /Users/zhaozhiguo/.openclaw/workspace/memory/nightly-reports/2026-03-30.md
=== 夜间维护开始 Tue Apr 14 23:00:03 CST 2026 ===
[1/5] 系统健康检查...
[2/5] 安全检查...
[3/5] 记忆整理...
发现昨日记忆文件: 2026-04-13.md
[4/5] 学习更新...
[5/5] 生成报告...
=== 夜间维护完成 Tue Apr 14 23:00:03 CST 2026 ===
报告已保存: /Users/zhaozhiguo/.openclaw/workspace/memory/nightly-reports/2026-04-14.md
=== 夜间维护开始 Wed Apr 15 23:05:46 CST 2026 ===
[1/5] 系统健康检查...
[2/5] 安全检查...
[3/5] 记忆整理...
发现昨日记忆文件: 2026-04-14.md
[4/5] 学习更新...
[5/5] 生成报告...
=== 夜间维护完成 Wed Apr 15 23:05:46 CST 2026 ===
报告已保存: /Users/zhaozhiguo/.openclaw/workspace/memory/nightly-reports/2026-04-15.md
=== 夜间维护开始 Thu Apr 16 23:00:05 CST 2026 ===
[1/5] 系统健康检查...
[2/5] 安全检查...
[3/5] 记忆整理...
发现昨日记忆文件: 2026-04-15.md
[4/5] 学习更新...
[5/5] 生成报告...
=== 夜间维护完成 Thu Apr 16 23:00:05 CST 2026 ===
报告已保存: /Users/zhaozhiguo/.openclaw/workspace/memory/nightly-reports/2026-04-16.md
=== 夜间维护开始 Sun Apr 19 23:00:05 CST 2026 ===
[1/5] 系统健康检查...
[2/5] 安全检查...
[3/5] 记忆整理...
发现昨日记忆文件: 2026-04-18.md
[4/5] 学习更新...
[5/5] 生成报告...
=== 夜间维护完成 Sun Apr 19 23:00:06 CST 2026 ===
报告已保存: /Users/zhaozhiguo/.openclaw/workspace/memory/nightly-reports/2026-04-19.md
=== 夜间维护开始 Mon Apr 20 23:00:04 CST 2026 ===
[1/5] 系统健康检查...
[2/5] 安全检查...
[3/5] 记忆整理...
发现昨日记忆文件: 2026-04-19.md
[4/5] 学习更新...
[5/5] 生成报告...
=== 夜间维护完成 Mon Apr 20 23:00:04 CST 2026 ===
报告已保存: /Users/zhaozhiguo/.openclaw/workspace/memory/nightly-reports/2026-04-20.md
=== 夜间维护开始 Tue Apr 21 23:00:16 CST 2026 ===
[1/5] 系统健康检查...
[2/5] 安全检查...
[3/5] 记忆整理...
发现昨日记忆文件: 2026-04-20.md
[4/5] 学习更新...
[5/5] 生成报告...
=== 夜间维护完成 Tue Apr 21 23:00:17 CST 2026 ===
报告已保存: /Users/zhaozhiguo/.openclaw/workspace/memory/nightly-reports/2026-04-21.md
=== 夜间维护开始 Wed Apr 22 23:00:00 CST 2026 ===
[1/5] 系统健康检查...
[2/5] 安全检查...
[3/5] 记忆整理...
发现昨日记忆文件: 2026-04-21.md
[4/5] 学习更新...
[5/5] 生成报告...
=== 夜间维护完成 Wed Apr 22 23:00:00 CST 2026 ===
报告已保存: /Users/zhaozhiguo/.openclaw/workspace/memory/nightly-reports/2026-04-22.md
=== 夜间维护开始 Thu Apr 23 23:00:03 CST 2026 ===
[1/5] 系统健康检查...
[2/5] 安全检查...
[3/5] 记忆整理...
发现昨日记忆文件: 2026-04-22.md
[4/5] 学习更新...
[5/5] 生成报告...
=== 夜间维护完成 Thu Apr 23 23:00:03 CST 2026 ===
报告已保存: /Users/zhaozhiguo/.openclaw/workspace/memory/nightly-reports/2026-04-23.md
=== 夜间维护开始 Sun Apr 26 23:01:46 CST 2026 ===
[1/5] 系统健康检查...
[2/5] 安全检查...
[3/5] 记忆整理...
[4/5] 学习更新...
[5/5] 生成报告...
=== 夜间维护完成 Sun Apr 26 23:01:47 CST 2026 ===
报告已保存: /Users/zhaozhiguo/.openclaw/workspace/memory/nightly-reports/2026-04-26.md
=== 夜间维护开始 Mon Apr 27 23:00:18 CST 2026 ===
[1/5] 系统健康检查...
[2/5] 安全检查...
[3/5] 记忆整理...
发现昨日记忆文件: 2026-04-26.md
[4/5] 学习更新...
[5/5] 生成报告...
=== 夜间维护完成 Mon Apr 27 23:00:19 CST 2026 ===
报告已保存: /Users/zhaozhiguo/.openclaw/workspace/memory/nightly-reports/2026-04-27.md
=== 夜间维护开始 Tue Apr 28 23:06:08 CST 2026 ===
[1/5] 系统健康检查...
[2/5] 安全检查...
[3/5] 记忆整理...
发现昨日记忆文件: 2026-04-27.md
[4/5] 学习更新...
[5/5] 生成报告...
=== 夜间维护完成 Tue Apr 28 23:06:09 CST 2026 ===
报告已保存: /Users/zhaozhiguo/.openclaw/workspace/memory/nightly-reports/2026-04-28.md
=== 夜间维护开始 Thu Apr 30 01:29:23 CST 2026 ===
[1/5] 系统健康检查...
[2/5] 安全检查...
[3/5] 记忆整理...
发现昨日记忆文件: 2026-04-29.md
[4/5] 学习更新...
[5/5] 生成报告...
=== 夜间维护完成 Thu Apr 30 01:29:28 CST 2026 ===
报告已保存: /Users/zhaozhiguo/.openclaw/workspace/memory/nightly-reports/2026-04-30.md
=== 夜间维护开始 Thu Apr 30 23:00:00 CST 2026 ===
[1/5] 系统健康检查...
[2/5] 安全检查...
[3/5] 记忆整理...
发现昨日记忆文件: 2026-04-29.md
[4/5] 学习更新...
[5/5] 生成报告...
=== 夜间维护完成 Thu Apr 30 23:00:01 CST 2026 ===
报告已保存: /Users/zhaozhiguo/.openclaw/workspace/memory/nightly-reports/2026-04-30.md
=== 夜间维护开始 Fri May  1 23:00:05 CST 2026 ===
[1/5] 系统健康检查...
[2/5] 安全检查...
[3/5] 记忆整理...
发现昨日记忆文件: 2026-04-30.md
[4/5] 学习更新...
[5/5] 生成报告...
=== 夜间维护完成 Fri May  1 23:00:06 CST 2026 ===
报告已保存: /Users/zhaozhiguo/.openclaw/workspace/memory/nightly-reports/2026-05-01.md
=== 夜间维护开始 Sat May  2 23:00:00 CST 2026 ===
[1/5] 系统健康检查...
[2/5] 安全检查...
[3/5] 记忆整理...
发现昨日记忆文件: 2026-05-01.md
[4/5] 学习更新...
[5/5] 生成报告...
=== 夜间维护完成 Sat May  2 23:00:00 CST 2026 ===
报告已保存: /Users/zhaozhiguo/.openclaw/workspace/memory/nightly-reports/2026-05-02.md
=== 夜间维护开始 Mon May  4 23:00:00 CST 2026 ===
[1/5] 系统健康检查...
[2/5] 安全检查...
[3/5] 记忆整理...
发现昨日记忆文件: 2026-05-03.md
[4/5] 学习更新...
[5/5] 生成报告...
=== 夜间维护完成 Mon May  4 23:00:00 CST 2026 ===
报告已保存: /Users/zhaozhiguo/.openclaw/workspace/memory/nightly-reports/2026-05-04.md
=== 夜间维护开始 Tue May  5 23:00:05 CST 2026 ===
[1/5] 系统健康检查...
[2/5] 安全检查...
[3/5] 记忆整理...
发现昨日记忆文件: 2026-05-04.md
[4/5] 学习更新...
[5/5] 生成报告...
=== 夜间维护完成 Tue May  5 23:00:06 CST 2026 ===
报告已保存: /Users/zhaozhiguo/.openclaw/workspace/memory/nightly-reports/2026-05-05.md
=== 夜间维护开始 Sat May  9 23:00:04 CST 2026 ===
[1/5] 系统健康检查...
[2/5] 安全检查...
[3/5] 记忆整理...
[4/5] 学习更新...
[5/5] 生成报告...
=== 夜间维护完成 Sat May  9 23:00:05 CST 2026 ===
报告已保存: /Users/zhaozhiguo/.openclaw/workspace/memory/nightly-reports/2026-05-09.md
=== 夜间维护开始 Sun May 10 23:36:13 CST 2026 ===
[1/5] 系统健康检查...
[2/5] 安全检查...
[3/5] 记忆整理...
发现昨日记忆文件: 2026-05-09.md
[4/5] 学习更新...
[5/5] 生成报告...
=== 夜间维护完成 Sun May 10 23:36:13 CST 2026 ===
报告已保存: /Users/zhaozhiguo/.openclaw/workspace/memory/nightly-reports/2026-05-10.md
=== 夜间维护开始 Tue May 12 16:52:53 CST 2026 ===
[1/5] 系统健康检查...
[2/5] 安全检查...
[3/5] 记忆整理...
发现昨日记忆文件: 2026-05-11.md
[4/5] 学习更新...
[5/5] 生成报告...
=== 夜间维护开始 Wed May 13 01:05:54 CST 2026 ===
[1/5] 系统健康检查...
[2/5] 安全检查...
[3/5] 记忆整理...
发现昨日记忆文件: 2026-05-12.md
[4/5] 学习更新...
[5/5] 生成报告...
=== 夜间维护完成 Wed May 13 01:05:54 CST 2026 ===
报告已保存: /Users/zhaozhiguo/.openclaw/workspace/memory/nightly-reports/2026-05-13.md
=== 夜间维护开始 Thu May 14 01:45:04 CST 2026 ===
[1/5] 系统健康检查...
[2/5] 安全检查...
[3/5] 记忆整理...
发现昨日记忆文件: 2026-05-13.md
[4/5] 学习更新...
[5/5] 生成报告...
=== 夜间维护完成 Thu May 14 01:45:05 CST 2026 ===
报告已保存: /Users/zhaozhiguo/.openclaw/workspace/memory/nightly-reports/2026-05-14.md
=== 夜间维护开始 Sun May 31 09:34:42 CST 2026 ===
[1/5] 系统健康检查...
[2/5] 安全检查...
[3/5] 记忆整理...
[4/5] 学习更新...
[5/5] 生成报告...
=== 夜间维护完成 Sun May 31 09:34:44 CST 2026 ===
报告已保存: /Users/zhaozhiguo/.openclaw/workspace/memory/nightly-reports/2026-05-31.md
=== 夜间维护开始 Sun May 31 23:01:36 CST 2026 ===
[1/5] 系统健康检查...
[2/5] 安全检查...
[3/5] 记忆整理...
[4/5] 学习更新...
[5/5] 生成报告...
=== 夜间维护完成 Sun May 31 23:01:36 CST 2026 ===
报告已保存: /Users/zhaozhiguo/.openclaw/workspace/memory/nightly-reports/2026-05-31.md
=== 夜间维护开始 Tue Jun  2 02:39:46 CST 2026 ===
[1/5] 系统健康检查...
[2/5] 安全检查...
[3/5] 记忆整理...
发现昨日记忆文件: 2026-06-01.md
[4/5] 学习更新...
[5/5] 生成报告...
=== 夜间维护完成 Tue Jun  2 02:39:47 CST 2026 ===
报告已保存: /Users/zhaozhiguo/.openclaw/workspace/memory/nightly-reports/2026-06-02.md
=== 夜间维护开始 Sat Jun  6 07:27:09 CST 2026 ===
[1/5] 系统健康检查...
[2/5] 安全检查...
[3/5] 记忆整理...
[4/5] 学习更新...
[5/5] 生成报告...
=== 夜间维护完成 Sat Jun  6 07:27:13 CST 2026 ===
报告已保存: /Users/zhaozhiguo/.openclaw/workspace/memory/nightly-reports/2026-06-06.md
=== 夜间维护开始 Sun Jun  7 23:07:42 CST 2026 ===
[1/5] 系统健康检查...
[2/5] 安全检查...
[3/5] 记忆整理...
发现昨日记忆文件: 2026-06-06.md
[4/5] 学习更新...
[5/5] 生成报告...
=== 夜间维护完成 Sun Jun  7 23:07:43 CST 2026 ===
报告已保存: /Users/zhaozhiguo/.openclaw/workspace/memory/nightly-reports/2026-06-07.md
=== 夜间维护开始 Mon Jun  8 23:15:43 CST 2026 ===
[1/5] 系统健康检查...
[2/5] 安全检查...
[3/5] 记忆整理...
发现昨日记忆文件: 2026-06-07.md
[4/5] 学习更新...
[5/5] 生成报告...
=== 夜间维护完成 Mon Jun  8 23:15:44 CST 2026 ===
报告已保存: /Users/zhaozhiguo/.openclaw/workspace/memory/nightly-reports/2026-06-08.md
=== 夜间维护开始 Tue Jun  9 23:00:34 CST 2026 ===
[1/5] 系统健康检查...
[2/5] 安全检查...
[3/5] 记忆整理...
发现昨日记忆文件: 2026-06-08.md
[4/5] 学习更新...
[5/5] 生成报告...
=== 夜间维护完成 Tue Jun  9 23:00:35 CST 2026 ===
报告已保存: /Users/zhaozhiguo/.openclaw/workspace/memory/nightly-reports/2026-06-09.md
=== 夜间维护开始 Thu Jun 11 23:00:02 CST 2026 ===
[1/5] 系统健康检查...
[2/5] 安全检查...
[3/5] 记忆整理...
发现昨日记忆文件: 2026-06-10.md
[4/5] 学习更新...
[5/5] 生成报告...
=== 夜间维护完成 Thu Jun 11 23:00:02 CST 2026 ===
报告已保存: /Users/zhaozhiguo/.openclaw/workspace/memory/nightly-reports/2026-06-11.md
=== 夜间维护开始 Fri Jun 12 23:04:50 CST 2026 ===
[1/5] 系统健康检查...
[2/5] 安全检查...
[3/5] 记忆整理...
发现昨日记忆文件: 2026-06-11.md
[4/5] 学习更新...
[5/5] 生成报告...
=== 夜间维护完成 Fri Jun 12 23:04:51 CST 2026 ===
报告已保存: /Users/zhaozhiguo/.openclaw/workspace/memory/nightly-reports/2026-06-12.md
=== 夜间维护开始 Sat Jun 13 23:00:00 CST 2026 ===
[1/5] 系统健康检查...
[2/5] 安全检查...
[3/5] 记忆整理...
发现昨日记忆文件: 2026-06-12.md
[4/5] 学习更新...
[5/5] 生成报告...
=== 夜间维护完成 Sat Jun 13 23:00:00 CST 2026 ===
报告已保存: /Users/zhaozhiguo/.openclaw/workspace/memory/nightly-reports/2026-06-13.md
=== 夜间维护开始 Sun Jun 14 23:00:12 CST 2026 ===
[1/5] 系统健康检查...
[2/5] 安全检查...
[3/5] 记忆整理...
发现昨日记忆文件: 2026-06-13.md
[4/5] 学习更新...
[5/5] 生成报告...
=== 夜间维护完成 Sun Jun 14 23:00:12 CST 2026 ===
报告已保存: /Users/zhaozhiguo/.openclaw/workspace/memory/nightly-reports/2026-06-14.md
=== 夜间维护开始 Tue Jun 16 00:10:00 CST 2026 ===
[1/5] 系统健康检查...
[2/5] 安全检查...
[3/5] 记忆整理...
发现昨日记忆文件: 2026-06-15.md
[4/5] 学习更新...
[5/5] 生成报告...
=== 夜间维护完成 Tue Jun 16 00:10:00 CST 2026 ===
报告已保存: /Users/zhaozhiguo/.openclaw/workspace/memory/nightly-reports/2026-06-16.md
=== 夜间维护开始 Tue Jun 16 23:10:03 CST 2026 ===
[1/5] 系统健康检查...
[2/5] 安全检查...
[3/5] 记忆整理...
发现昨日记忆文件: 2026-06-15.md
[4/5] 学习更新...
[5/5] 生成报告...
=== 夜间维护完成 Tue Jun 16 23:10:04 CST 2026 ===
报告已保存: /Users/zhaozhiguo/.openclaw/workspace/memory/nightly-reports/2026-06-16.md
=== 夜间维护开始 Thu Jun 18 10:03:25 CST 2026 ===
[1/5] 系统健康检查...
[2/5] 安全检查...
[3/5] 记忆整理...
发现昨日记忆文件: 2026-06-17.md
[4/5] 学习更新...
[5/5] 生成报告...
=== 夜间维护完成 Thu Jun 18 10:03:26 CST 2026 ===
报告已保存: /Users/zhaozhiguo/.openclaw/workspace/memory/nightly-reports/2026-06-18.md
=== 夜间维护开始 Fri Jun 19 23:00:00 CST 2026 ===
[1/5] 系统健康检查...
[2/5] 安全检查...
[3/5] 记忆整理...
发现昨日记忆文件: 2026-06-18.md
[4/5] 学习更新...
[5/5] 生成报告...
=== 夜间维护完成 Fri Jun 19 23:00:00 CST 2026 ===
报告已保存: /Users/zhaozhiguo/.openclaw/workspace/memory/nightly-reports/2026-06-19.md
=== 夜间维护开始 Sat Jun 20 23:00:04 CST 2026 ===
[1/5] 系统健康检查...
[2/5] 安全检查...
[3/5] 记忆整理...
发现昨日记忆文件: 2026-06-19.md
[4/5] 学习更新...
[5/5] 生成报告...
=== 夜间维护完成 Sat Jun 20 23:00:05 CST 2026 ===
报告已保存: /Users/zhaozhiguo/.openclaw/workspace/memory/nightly-reports/2026-06-20.md
=== 夜间维护开始 Tue Jun 23 23:00:59 CST 2026 ===
[1/5] 系统健康检查...
[2/5] 安全检查...
[3/5] 记忆整理...
发现昨日记忆文件: 2026-06-22.md
[4/5] 学习更新...
[5/5] 生成报告...
=== 夜间维护完成 Tue Jun 23 23:01:00 CST 2026 ===
报告已保存: /Users/zhaozhiguo/.openclaw/workspace/memory/nightly-reports/2026-06-23.md
=== 夜间维护开始 Thu Jun 25 23:36:42 CST 2026 ===
[1/5] 系统健康检查...
[2/5] 安全检查...
[3/5] 记忆整理...
发现昨日记忆文件: 2026-06-24.md
[4/5] 学习更新...
[5/5] 生成报告...
=== 夜间维护完成 Thu Jun 25 23:36:45 CST 2026 ===
报告已保存: /Users/zhaozhiguo/.openclaw/workspace/memory/nightly-reports/2026-06-25.md
=== 夜间维护开始 Mon Jul  6 23:00:05 CST 2026 ===
[1/5] 系统健康检查...
[2/5] 安全检查...
[3/5] 记忆整理...
[4/5] 学习更新...
[5/5] 生成报告...
=== 夜间维护完成 Mon Jul  6 23:00:06 CST 2026 ===
报告已保存: /Users/zhaozhiguo/.openclaw/workspace/memory/nightly-reports/2026-07-06.md
